Linux 6.8.0-106-generic (higashikoganei) 	05/05/2026 	_x86_64_	(4 CPU)

11:40:16 PM   UID       PID    %usr %system  %guest   %wait    %CPU   CPU  Command
11:40:17 PM     0   1085057    8.00   32.00  160.00    0.00  200.00     3  qemu-system-x86
11:40:18 PM     0   1085057    6.00   32.00  155.00    2.00  193.00     2  qemu-system-x86
11:40:19 PM     0   1085057   12.00   36.00  151.00    0.00  199.00     3  qemu-system-x86
11:40:20 PM     0   1085057    9.00   31.00  156.00    0.00  196.00     1  qemu-system-x86
11:40:21 PM     0   1085057    9.00   30.00  158.00    0.00  197.00     2  qemu-system-x86
11:40:22 PM     0   1085057    9.00   34.00  154.00    0.00  197.00     2  qemu-system-x86
11:40:23 PM     0   1085057    8.00   29.00  151.00    4.00  188.00     3  qemu-system-x86
11:40:24 PM     0   1085057   11.00   37.00   78.00    1.00  126.00     2  qemu-system-x86
11:40:25 PM     0   1085057   13.00   44.00   46.00    0.00  103.00     2  qemu-system-x86
11:40:26 PM     0   1085057    7.00   31.00   84.00    0.00  122.00     2  qemu-system-x86
11:40:27 PM     0   1085057    9.00   23.00   98.00    0.00  130.00     0  qemu-system-x86
11:40:28 PM     0   1085057   10.00   26.00   98.00    2.00  134.00     3  qemu-system-x86
11:40:29 PM     0   1085057   11.00   26.00  103.00    1.00  140.00     0  qemu-system-x86
11:40:30 PM     0   1085057    7.00   29.00  100.00    0.00  136.00     3  qemu-system-x86
11:40:31 PM     0   1085057    9.00   24.00  100.00    0.00  133.00     0  qemu-system-x86
11:40:32 PM     0   1085057    8.00   22.00  103.00    0.00  133.00     2  qemu-system-x86
11:40:33 PM     0   1085057   10.00   28.00   97.00    2.00  135.00     2  qemu-system-x86
11:40:34 PM     0   1085057    9.00   29.00   99.00    0.00  137.00     1  qemu-system-x86
11:40:35 PM     0   1085057   10.00   25.00  100.00    0.00  135.00     2  qemu-system-x86
11:40:36 PM     0   1085057   10.00   25.00  103.00    0.00  138.00     3  qemu-system-x86
11:40:37 PM     0   1085057   10.00   28.00  100.00    0.00  138.00     1  qemu-system-x86
11:40:38 PM     0   1085057    7.00   25.00  101.00    3.00  133.00     0  qemu-system-x86
11:40:39 PM     0   1085057    9.00   22.00  102.00    0.00  133.00     3  qemu-system-x86
11:40:40 PM     0   1085057    8.00   24.00  100.00    0.00  132.00     2  qemu-system-x86
11:40:41 PM     0   1085057    9.00   24.00  104.00    0.00  137.00     2  qemu-system-x86
11:40:42 PM     0   1085057    5.00   23.00  104.00    0.00  132.00     2  qemu-system-x86
11:40:43 PM     0   1085057    8.00   25.00  102.00    0.00  135.00     2  qemu-system-x86
11:40:44 PM     0   1085057    9.00   24.00  101.00    3.00  134.00     3  qemu-system-x86
11:40:45 PM     0   1085057    9.00   25.00  101.00    0.00  135.00     0  qemu-system-x86
11:40:46 PM     0   1085057    7.00   24.00   99.00    0.00  130.00     2  qemu-system-x86
11:40:47 PM     0   1085057    8.00   24.00  104.00    0.00  136.00     0  qemu-system-x86
11:40:48 PM     0   1085057    9.00   25.00   99.00    0.00  133.00     1  qemu-system-x86
11:40:49 PM     0   1085057    8.00   25.00  101.00    3.00  134.00     2  qemu-system-x86
11:40:50 PM     0   1085057    6.00   27.00  107.00    0.00  140.00     0  qemu-system-x86
11:40:51 PM     0   1085057   11.00   25.00  100.00    1.00  136.00     2  qemu-system-x86
11:40:52 PM     0   1085057   10.00   23.00  100.00    0.00  133.00     1  qemu-system-x86
11:40:53 PM     0   1085057   11.00   26.00  101.00    0.00  138.00     3  qemu-system-x86
11:40:54 PM     0   1085057    7.00   29.00  106.00    2.00  142.00     3  qemu-system-x86
11:40:55 PM     0   1085057   12.00   40.00   40.00    0.00   92.00     1  qemu-system-x86
11:40:56 PM     0   1085057   13.00   39.00   28.00    0.00   80.00     3  qemu-system-x86
11:40:57 PM     0   1085057   11.00   28.00  111.00    0.00  150.00     1  qemu-system-x86
11:40:58 PM     0   1085057    6.00   29.00  110.00    0.00  145.00     0  qemu-system-x86
11:40:59 PM     0   1085057    7.00   27.00  106.00    2.00  140.00     3  qemu-system-x86
11:41:00 PM     0   1085057    9.00   25.00  111.00    0.00  145.00     1  qemu-system-x86
11:41:01 PM     0   1085057   10.00   28.00  107.00    0.00  145.00     2  qemu-system-x86
11:41:02 PM     0   1085057    6.00   27.00  109.00    0.00  142.00     2  qemu-system-x86
11:41:03 PM     0   1085057    9.00   27.00  109.00    0.00  145.00     0  qemu-system-x86
11:41:04 PM     0   1085057   10.00   19.00   94.00    3.00  123.00     1  qemu-system-x86
11:41:05 PM     0   1085057   10.00   28.00  106.00    0.00  144.00     3  qemu-system-x86
11:41:06 PM     0   1085057   10.00   29.00  105.00    0.00  144.00     3  qemu-system-x86
11:41:07 PM     0   1085057    6.00   25.00  110.00    0.00  141.00     3  qemu-system-x86
11:41:08 PM     0   1085057   10.00   22.00  111.00    0.00  143.00     0  qemu-system-x86
11:41:09 PM     0   1085057    9.00   25.00  110.00    2.00  144.00     2  qemu-system-x86
11:41:10 PM     0   1085057   10.00   31.00  104.00    0.00  145.00     0  qemu-system-x86
11:41:11 PM     0   1085057    6.00   29.00  109.00    1.00  144.00     3  qemu-system-x86
11:41:12 PM     0   1085057   10.00   28.00  104.00    0.00  142.00     0  qemu-system-x86
11:41:13 PM     0   1085057   10.00   28.00  106.00    0.00  144.00     0  qemu-system-x86
11:41:14 PM     0   1085057    5.00   27.00  110.00    0.00  142.00     3  qemu-system-x86
11:41:15 PM     0   1085057    9.00   26.00  107.00    2.00  142.00     1  qemu-system-x86
11:41:16 PM     0   1085057    7.00   27.00  109.00    1.00  143.00     1  qemu-system-x86
11:41:17 PM     0   1085057   11.00   25.00  107.00    0.00  143.00     3  qemu-system-x86
11:41:18 PM     0   1085057    5.00   30.00  111.00    0.00  146.00     2  qemu-system-x86
11:41:19 PM     0   1085057   10.00   28.00  103.00    0.00  141.00     2  qemu-system-x86
11:41:20 PM     0   1085057    8.00   31.00  104.00    2.00  143.00     1  qemu-system-x86
11:41:21 PM     0   1085057    9.00   24.00  110.00    0.00  143.00     3  qemu-system-x86
11:41:22 PM     0   1085057    6.00   31.00  110.00    0.00  147.00     0  qemu-system-x86
11:41:23 PM     0   1085057    8.00   29.00  108.00    1.00  145.00     1  qemu-system-x86
11:41:24 PM     0   1085057    7.00   25.00  110.00    0.00  142.00     2  qemu-system-x86
11:41:25 PM     0   1085057   11.00   24.00  100.00    6.00  135.00     2  qemu-system-x86
11:41:26 PM     0   1085057   14.00   47.00   50.00    0.00  111.00     2  qemu-system-x86
11:41:27 PM     0   1085057   12.00   42.00   69.00    0.00  123.00     1  qemu-system-x86
11:41:28 PM     0   1085057    9.00   31.00  110.00    0.00  150.00     1  qemu-system-x86
11:41:29 PM     0   1085057    8.00   24.00  105.00    0.00  137.00     3  qemu-system-x86
11:41:30 PM     0   1085057    8.00   20.00   94.00    2.00  122.00     2  qemu-system-x86
11:41:31 PM     0   1085057    6.00   23.00  114.00    0.00  143.00     0  qemu-system-x86
11:41:32 PM     0   1085057    8.00   30.00  109.00    0.00  147.00     3  qemu-system-x86
11:41:33 PM     0   1085057    8.00   29.00  110.00    0.00  147.00     2  qemu-system-x86
11:41:34 PM     0   1085057    7.00   29.00  110.00    0.00  146.00     1  qemu-system-x86
11:41:35 PM     0   1085057    8.00   28.00  107.00    3.00  143.00     3  qemu-system-x86
11:41:36 PM     0   1085057   10.00   27.00  106.00    1.00  143.00     2  qemu-system-x86
11:41:37 PM     0   1085057    7.00   27.00  113.00    0.00  147.00     1  qemu-system-x86
11:41:38 PM     0   1085057   10.00   29.00  112.00    0.00  151.00     3  qemu-system-x86
11:41:39 PM     0   1085057    8.00   24.00  112.00    0.00  144.00     1  qemu-system-x86
11:41:40 PM     0   1085057    9.90   25.74  106.93    0.99  142.57     1  qemu-system-x86
11:41:41 PM     0   1085057   11.00   26.00  108.00    2.00  145.00     0  qemu-system-x86
11:41:42 PM     0   1085057    9.00   34.00  105.00    0.00  148.00     3  qemu-system-x86
11:41:43 PM     0   1085057   10.00   27.00  113.00    0.00  150.00     3  qemu-system-x86
11:41:44 PM     0   1085057   11.00   35.00  110.00    0.00  156.00     0  qemu-system-x86
11:41:45 PM     0   1085057   13.00   33.00  107.00    0.00  153.00     0  qemu-system-x86
11:41:46 PM     0   1085057   12.00   31.00  107.00    3.00  150.00     0  qemu-system-x86
11:41:47 PM     0   1085057   13.00   33.00  109.00    0.00  155.00     2  qemu-system-x86
11:41:48 PM     0   1085057   11.00   29.00  109.00    0.00  149.00     1  qemu-system-x86
11:41:49 PM     0   1085057   12.00   27.00  112.00    1.00  151.00     2  qemu-system-x86
11:41:50 PM     0   1085057   10.00   28.00  117.00    0.00  155.00     0  qemu-system-x86
11:41:51 PM     0   1085057   11.00   27.00  111.00    2.00  149.00     2  qemu-system-x86
11:41:52 PM     0   1085057   11.00   27.00  112.00    1.00  150.00     2  qemu-system-x86
11:41:53 PM     0   1085057   17.00   28.00  112.00    0.00  157.00     2  qemu-system-x86
11:41:54 PM     0   1085057   10.00   27.00  111.00    0.00  148.00     2  qemu-system-x86
11:41:55 PM     0   1085057   10.00   28.00  113.00    0.00  151.00     2  qemu-system-x86
11:41:56 PM     0   1085057   13.00   35.00   89.00    3.00  137.00     3  qemu-system-x86
11:41:57 PM     0   1085057   21.00   45.00   20.00    0.00   86.00     1  qemu-system-x86
11:41:58 PM     0   1085057    8.00    7.00    0.00    0.00   15.00     2  qemu-system-x86
11:41:59 PM     0   1085057    0.00    0.00    0.00    0.00    0.00     2  qemu-system-x86
11:42:00 PM     0   1085057    0.00    0.00    0.00    0.00    0.00     2  qemu-system-x86
11:42:01 PM     0   1085057    0.00    0.00    0.00    0.00    0.00     0  qemu-system-x86
11:42:02 PM     0   1085057    0.00    0.00    0.00    0.00    0.00     0  qemu-system-x86
11:42:03 PM     0   1085057    0.00    0.00    0.00    0.00    0.00     0  qemu-system-x86
11:42:04 PM     0   1085057    0.00    0.00    0.00    0.00    0.00     0  qemu-system-x86
11:42:05 PM     0   1085057    0.00    0.00    0.00    0.00    0.00     0  qemu-system-x86
11:42:06 PM     0   1085057    0.00    0.00    0.00    0.00    0.00     1  qemu-system-x86
11:42:07 PM     0   1085057    0.00    0.00    0.00    0.00    0.00     1  qemu-system-x86
11:42:08 PM     0   1085057    1.00    0.00    0.00    0.00    1.00     1  qemu-system-x86
11:42:09 PM     0   1085057    0.00    0.00    0.00    0.00    0.00     0  qemu-system-x86
11:42:10 PM     0   1085057    0.00    0.00    0.00    0.00    0.00     0  qemu-system-x86
11:42:11 PM     0   1085057    0.00    0.00    0.00    0.00    0.00     0  qemu-system-x86
11:42:12 PM     0   1085057    0.00    0.00    0.00    0.00    0.00     0  qemu-system-x86
11:42:13 PM     0   1085057    0.00    0.00    0.00    0.00    0.00     0  qemu-system-x86
11:42:14 PM     0   1085057    0.00    0.00    0.00    0.00    0.00     0  qemu-system-x86
11:42:15 PM     0   1085057    0.00    0.00    0.00    0.00    0.00     0  qemu-system-x86
11:42:16 PM     0   1085057    0.00    0.00    0.00    0.00    0.00     0  qemu-system-x86
11:42:17 PM     0   1085057    0.00    0.00    0.00    0.00    0.00     0  qemu-system-x86
11:42:18 PM     0   1085057    0.00    0.00    0.00    0.00    0.00     0  qemu-system-x86
11:42:19 PM     0   1085057    0.00    0.00    0.00    0.00    0.00     0  qemu-system-x86
11:42:20 PM     0   1085057    0.00    0.00    0.00    0.00    0.00     0  qemu-system-x86
11:42:21 PM     0   1085057    0.00    0.00    0.00    0.00    0.00     1  qemu-system-x86
11:42:22 PM     0   1085057    0.00    0.00    0.00    0.00    0.00     1  qemu-system-x86
11:42:23 PM     0   1085057    0.00    0.00    0.00    0.00    0.00     1  qemu-system-x86
11:42:24 PM     0   1085057    0.00    0.00    0.00    0.00    0.00     0  qemu-system-x86
11:42:25 PM     0   1085057    0.00    0.00    0.00    0.00    0.00     0  qemu-system-x86
11:42:26 PM     0   1085057    0.00    0.00    0.00    0.00    0.00     0  qemu-system-x86
11:42:27 PM     0   1085057    0.00    0.00    0.00    0.00    0.00     0  qemu-system-x86
11:42:28 PM     0   1085057    0.00    0.00    0.00    0.00    0.00     0  qemu-system-x86
11:42:29 PM     0   1085057    0.00    0.00    0.00    0.00    0.00     0  qemu-system-x86
11:42:30 PM     0   1085057    0.00    0.00    0.00    0.00    0.00     0  qemu-system-x86
11:42:31 PM     0   1085057    0.00    0.00    0.00    0.00    0.00     0  qemu-system-x86
11:42:32 PM     0   1085057    0.00    0.00    0.00    0.00    0.00     0  qemu-system-x86
11:42:33 PM     0   1085057    0.00    0.00    0.00    0.00    0.00     0  qemu-system-x86
11:42:34 PM     0   1085057    0.00    0.00    0.00    0.00    0.00     0  qemu-system-x86
11:42:35 PM     0   1085057    0.00    0.00    0.00    0.00    0.00     0  qemu-system-x86
11:42:36 PM     0   1085057    0.00    0.00    0.00    0.00    0.00     1  qemu-system-x86
11:42:37 PM     0   1085057    0.00    0.00    0.00    0.00    0.00     1  qemu-system-x86
11:42:38 PM     0   1085057    0.00    0.00    0.00    0.00    0.00     1  qemu-system-x86
11:42:39 PM     0   1085057    0.00    0.00    0.00    0.00    0.00     1  qemu-system-x86
11:42:40 PM     0   1085057    0.00    0.00    0.00    0.00    0.00     1  qemu-system-x86
11:42:41 PM     0   1085057    0.00    0.00    0.00    0.00    0.00     1  qemu-system-x86
11:42:42 PM     0   1085057    0.00    0.00    0.00    0.00    0.00     1  qemu-system-x86
11:42:43 PM     0   1085057    0.00    0.00    0.00    0.00    0.00     1  qemu-system-x86
11:42:44 PM     0   1085057    0.00    0.00    0.00    0.00    0.00     1  qemu-system-x86
11:42:45 PM     0   1085057    0.00    0.00    0.00    0.00    0.00     1  qemu-system-x86
11:42:46 PM     0   1085057    0.00    0.00    0.00    0.00    0.00     1  qemu-system-x86
11:42:47 PM     0   1085057    0.00    0.00    0.00    0.00    0.00     1  qemu-system-x86
11:42:48 PM     0   1085057    0.00    0.00    0.00    0.00    0.00     1  qemu-system-x86
11:42:49 PM     0   1085057    0.00    0.00    0.00    0.00    0.00     1  qemu-system-x86
11:42:50 PM     0   1085057    0.00    0.00    0.00    0.00    0.00     1  qemu-system-x86
11:42:51 PM     0   1085057    0.00    0.00    0.00    0.00    0.00     1  qemu-system-x86
11:42:52 PM     0   1085057    0.00    0.00    0.00    0.00    0.00     1  qemu-system-x86
11:42:53 PM     0   1085057    0.00    0.00    0.00    0.00    0.00     1  qemu-system-x86
11:42:54 PM     0   1085057    0.00    0.00    0.00    0.00    0.00     0  qemu-system-x86
11:42:55 PM     0   1085057    0.00    0.00    0.00    0.00    0.00     0  qemu-system-x86
11:42:56 PM     0   1085057    0.00    0.00    0.00    0.00    0.00     0  qemu-system-x86
11:42:57 PM     0   1085057    0.00    0.00    0.00    0.00    0.00     2  qemu-system-x86
11:42:58 PM     0   1085057    0.00    0.00    0.00    0.00    0.00     2  qemu-system-x86
11:42:59 PM     0   1085057    0.00    0.00    0.00    0.00    0.00     2  qemu-system-x86
11:43:00 PM     0   1085057    0.00    0.00    0.00    0.00    0.00     2  qemu-system-x86
11:43:01 PM     0   1085057    0.00    0.00    0.00    0.00    0.00     2  qemu-system-x86
11:43:02 PM     0   1085057    0.00    0.00    0.00    0.00    0.00     2  qemu-system-x86
11:43:03 PM     0   1085057    0.00    0.00    0.00    0.00    0.00     2  qemu-system-x86
11:43:04 PM     0   1085057    0.00    0.00    0.00    0.00    0.00     2  qemu-system-x86
11:43:05 PM     0   1085057    0.00    0.00    0.00    0.00    0.00     2  qemu-system-x86
11:43:06 PM     0   1085057    0.00    0.00    0.00    0.00    0.00     2  qemu-system-x86
11:43:07 PM     0   1085057    0.00    0.00    0.00    0.00    0.00     2  qemu-system-x86
11:43:08 PM     0   1085057    0.00    0.00    0.00    0.00    0.00     2  qemu-system-x86
11:43:09 PM     0   1085057    0.00    0.00    0.00    0.00    0.00     2  qemu-system-x86
11:43:10 PM     0   1085057    0.00    0.00    0.00    0.00    0.00     2  qemu-system-x86
11:43:11 PM     0   1085057    0.00    0.00    0.00    0.00    0.00     2  qemu-system-x86
11:43:12 PM     0   1085057    0.00    0.00    0.00    0.00    0.00     2  qemu-system-x86
11:43:13 PM     0   1085057    0.00    0.00    0.00    0.00    0.00     2  qemu-system-x86
11:43:14 PM     0   1085057    0.00    0.00    0.00    0.00    0.00     2  qemu-system-x86
11:43:15 PM     0   1085057    0.00    0.00    0.00    0.00    0.00     2  qemu-system-x86
11:43:16 PM     0   1085057    0.00    0.00    0.00    0.00    0.00     2  qemu-system-x86
11:43:17 PM     0   1085057    0.00    0.00    0.00    0.00    0.00     2  qemu-system-x86
11:43:18 PM     0   1085057    0.00    0.00    0.00    0.00    0.00     2  qemu-system-x86
11:43:19 PM     0   1085057    0.00    0.00    0.00    0.00    0.00     2  qemu-system-x86
11:43:20 PM     0   1085057    0.00    0.00    0.00    0.00    0.00     2  qemu-system-x86
11:43:21 PM     0   1085057    0.00    0.00    0.00    0.00    0.00     2  qemu-system-x86
11:43:22 PM     0   1085057    0.00    0.00    0.00    0.00    0.00     2  qemu-system-x86
11:43:23 PM     0   1085057    0.00    0.00    0.00    0.00    0.00     2  qemu-system-x86
11:43:24 PM     0   1085057    0.00    0.00    0.00    0.00    0.00     2  qemu-system-x86
11:43:25 PM     0   1085057    0.00    0.00    0.00    0.00    0.00     2  qemu-system-x86
11:43:26 PM     0   1085057    0.00    0.00    0.00    0.00    0.00     2  qemu-system-x86
11:43:27 PM     0   1085057    0.00    0.00    0.00    0.00    0.00     2  qemu-system-x86
11:43:28 PM     0   1085057    0.00    0.00    0.00    0.00    0.00     2  qemu-system-x86
11:43:29 PM     0   1085057    0.00    0.00    0.00    0.00    0.00     2  qemu-system-x86
11:43:30 PM     0   1085057    0.00    0.00    0.00    0.00    0.00     2  qemu-system-x86
11:43:31 PM     0   1085057    0.00    0.00    0.00    0.00    0.00     2  qemu-system-x86
11:43:32 PM     0   1085057    0.00    0.00    0.00    0.00    0.00     2  qemu-system-x86
11:43:33 PM     0   1085057    0.00    0.00    0.00    0.00    0.00     2  qemu-system-x86
11:43:34 PM     0   1085057    0.00    0.00    0.00    0.00    0.00     2  qemu-system-x86
11:43:35 PM     0   1085057    0.00    0.00    0.00    0.00    0.00     2  qemu-system-x86
11:43:36 PM     0   1085057    0.00    0.00    0.00    0.00    0.00     2  qemu-system-x86
11:43:37 PM     0   1085057    0.00    0.00    0.00    0.00    0.00     2  qemu-system-x86
11:43:38 PM     0   1085057    0.00    0.00    0.00    0.00    0.00     2  qemu-system-x86
11:43:39 PM     0   1085057    0.00    0.00    0.00    0.00    0.00     2  qemu-system-x86
11:43:40 PM     0   1085057    0.00    0.00    0.00    0.00    0.00     2  qemu-system-x86
11:43:41 PM     0   1085057    0.00    0.00    0.00    0.00    0.00     2  qemu-system-x86
11:43:42 PM     0   1085057    0.00    0.00    0.00    0.00    0.00     0  qemu-system-x86
11:43:43 PM     0   1085057    0.00    0.00    0.00    0.00    0.00     0  qemu-system-x86
11:43:44 PM     0   1085057    0.00    0.00    0.00    0.00    0.00     0  qemu-system-x86
11:43:45 PM     0   1085057    0.00    0.00    0.00    0.00    0.00     0  qemu-system-x86
11:43:46 PM     0   1085057    0.00    0.00    0.00    0.00    0.00     0  qemu-system-x86
11:43:47 PM     0   1085057    0.00    0.00    0.00    0.00    0.00     0  qemu-system-x86
11:43:48 PM     0   1085057    0.00    0.00    0.00    0.00    0.00     0  qemu-system-x86
11:43:49 PM     0   1085057    0.00    0.00    0.00    0.00    0.00     0  qemu-system-x86
11:43:50 PM     0   1085057    0.00    0.00    0.00    0.00    0.00     0  qemu-system-x86
11:43:51 PM     0   1085057    0.00    0.00    0.00    0.00    0.00     0  qemu-system-x86
11:43:52 PM     0   1085057    0.00    0.00    0.00    0.00    0.00     0  qemu-system-x86
11:43:53 PM     0   1085057    0.00    0.00    0.00    0.00    0.00     0  qemu-system-x86
11:43:54 PM     0   1085057    0.00    0.00    0.00    0.00    0.00     0  qemu-system-x86
11:43:55 PM     0   1085057    0.00    0.00    0.00    0.00    0.00     0  qemu-system-x86
11:43:56 PM     0   1085057    0.00    0.00    0.00    0.00    0.00     0  qemu-system-x86
11:43:57 PM     0   1085057    0.00    0.00    0.00    0.00    0.00     0  qemu-system-x86
11:43:58 PM     0   1085057    0.00    0.00    0.00    0.00    0.00     0  qemu-system-x86
11:43:59 PM     0   1085057    0.00    0.00    0.00    0.00    0.00     0  qemu-system-x86
11:44:00 PM     0   1085057    0.00    0.00    0.00    0.00    0.00     0  qemu-system-x86
11:44:01 PM     0   1085057    0.00    0.00    0.00    0.00    0.00     0  qemu-system-x86
11:44:02 PM     0   1085057    0.00    0.00    0.00    0.00    0.00     0  qemu-system-x86
11:44:03 PM     0   1085057    0.00    0.00    0.00    0.00    0.00     0  qemu-system-x86
11:44:04 PM     0   1085057    0.00    0.00    0.00    0.00    0.00     0  qemu-system-x86
11:44:05 PM     0   1085057    0.00    0.00    0.00    0.00    0.00     0  qemu-system-x86
11:44:06 PM     0   1085057    0.00    0.00    0.00    0.00    0.00     0  qemu-system-x86
11:44:07 PM     0   1085057    0.00    0.00    0.00    0.00    0.00     0  qemu-system-x86
11:44:08 PM     0   1085057    0.00    0.00    0.00    0.00    0.00     0  qemu-system-x86
11:44:09 PM     0   1085057    0.00    0.00    0.00    0.00    0.00     0  qemu-system-x86
11:44:10 PM     0   1085057    0.00    0.00    0.00    0.00    0.00     0  qemu-system-x86
11:44:11 PM     0   1085057    0.00    0.00    0.00    0.00    0.00     0  qemu-system-x86
11:44:12 PM     0   1085057    0.00    0.00    0.00    0.00    0.00     0  qemu-system-x86
11:44:13 PM     0   1085057    0.00    0.00    0.00    0.00    0.00     0  qemu-system-x86
11:44:14 PM     0   1085057    0.00    0.00    0.00    0.00    0.00     0  qemu-system-x86
11:44:15 PM     0   1085057    0.00    0.00    0.00    0.00    0.00     0  qemu-system-x86
11:44:16 PM     0   1085057    0.00    0.00    0.00    0.00    0.00     0  qemu-system-x86
11:44:17 PM     0   1085057    0.00    0.00    0.00    0.00    0.00     0  qemu-system-x86
11:44:18 PM     0   1085057    0.00    0.00    0.00    0.00    0.00     0  qemu-system-x86
11:44:19 PM     0   1085057    0.00    0.00    0.00    0.00    0.00     0  qemu-system-x86
11:44:20 PM     0   1085057    0.00    0.00    0.00    0.00    0.00     0  qemu-system-x86
11:44:21 PM     0   1085057    0.00    0.00    0.00    0.00    0.00     0  qemu-system-x86
11:44:22 PM     0   1085057    0.00    0.00    0.00    0.00    0.00     0  qemu-system-x86
11:44:23 PM     0   1085057    0.00    0.00    0.00    0.00    0.00     0  qemu-system-x86
11:44:24 PM     0   1085057    0.00    0.00    0.00    0.00    0.00     0  qemu-system-x86
11:44:25 PM     0   1085057    0.00    0.00    0.00    0.00    0.00     0  qemu-system-x86
11:44:26 PM     0   1085057    0.00    0.00    0.00    0.00    0.00     0  qemu-system-x86
11:44:27 PM     0   1085057    0.00    0.00    0.00    0.00    0.00     0  qemu-system-x86
11:44:28 PM     0   1085057    0.00    0.00    0.00    0.00    0.00     0  qemu-system-x86
11:44:29 PM     0   1085057    0.00    0.00    0.00    0.00    0.00     0  qemu-system-x86
11:44:30 PM     0   1085057    0.00    0.00    0.00    0.00    0.00     0  qemu-system-x86
11:44:31 PM     0   1085057    0.00    0.00    0.00    0.00    0.00     0  qemu-system-x86
11:44:32 PM     0   1085057    0.00    0.00    0.00    0.00    0.00     0  qemu-system-x86
11:44:33 PM     0   1085057    0.00    0.00    0.00    0.00    0.00     0  qemu-system-x86
11:44:34 PM     0   1085057    0.00    0.00    0.00    0.00    0.00     0  qemu-system-x86
11:44:35 PM     0   1085057    0.00    0.00    0.00    0.00    0.00     0  qemu-system-x86
11:44:36 PM     0   1085057    0.00    0.00    0.00    0.00    0.00     0  qemu-system-x86
11:44:37 PM     0   1085057    0.00    0.00    0.00    0.00    0.00     0  qemu-system-x86
11:44:38 PM     0   1085057    0.00    0.00    0.00    0.00    0.00     0  qemu-system-x86
11:44:39 PM     0   1085057    0.00    0.00    0.00    0.00    0.00     0  qemu-system-x86
11:44:40 PM     0   1085057    0.00    0.00    0.00    0.00    0.00     0  qemu-system-x86
11:44:41 PM     0   1085057    0.00    0.00    0.00    0.00    0.00     0  qemu-system-x86
11:44:42 PM     0   1085057    0.00    0.00    0.00    0.00    0.00     0  qemu-system-x86
11:44:43 PM     0   1085057    0.00    0.00    0.00    0.00    0.00     0  qemu-system-x86
11:44:44 PM     0   1085057    0.00    0.00    0.00    0.00    0.00     0  qemu-system-x86
11:44:45 PM     0   1085057    0.00    0.00    0.00    0.00    0.00     0  qemu-system-x86
11:44:46 PM     0   1085057    0.00    0.00    0.00    0.00    0.00     0  qemu-system-x86
11:44:47 PM     0   1085057    0.00    0.00    0.00    0.00    0.00     0  qemu-system-x86
11:44:48 PM     0   1085057    0.00    0.00    0.00    0.00    0.00     0  qemu-system-x86
11:44:49 PM     0   1085057    0.00    0.00    0.00    0.00    0.00     0  qemu-system-x86
11:44:50 PM     0   1085057    0.00    0.00    0.00    0.00    0.00     0  qemu-system-x86
11:44:51 PM     0   1085057    0.00    0.00    0.00    0.00    0.00     0  qemu-system-x86
11:44:52 PM     0   1085057    0.00    0.00    0.00    0.00    0.00     0  qemu-system-x86
11:44:53 PM     0   1085057    0.00    0.00    0.00    0.00    0.00     0  qemu-system-x86
11:44:54 PM     0   1085057    0.00    0.00    0.00    0.00    0.00     0  qemu-system-x86
11:44:55 PM     0   1085057    0.00    0.00    0.00    0.00    0.00     0  qemu-system-x86
11:44:56 PM     0   1085057    0.00    0.00    0.00    0.00    0.00     0  qemu-system-x86
11:44:57 PM     0   1085057    0.00    0.00    0.00    0.00    0.00     0  qemu-system-x86
11:44:58 PM     0   1085057    0.00    0.00    0.00    0.00    0.00     0  qemu-system-x86
11:44:59 PM     0   1085057    0.00    0.00    0.00    0.00    0.00     0  qemu-system-x86
11:45:00 PM     0   1085057    0.00    0.00    0.00    0.00    0.00     0  qemu-system-x86
11:45:01 PM     0   1085057    0.00    0.00    0.00    0.00    0.00     0  qemu-system-x86
11:45:02 PM     0   1085057    0.00    0.00    0.00    0.00    0.00     0  qemu-system-x86
11:45:03 PM     0   1085057    0.00    0.00    0.00    0.00    0.00     0  qemu-system-x86
11:45:04 PM     0   1085057    0.00    0.00    0.00    0.00    0.00     0  qemu-system-x86
11:45:05 PM     0   1085057    0.00    0.00    0.00    0.00    0.00     0  qemu-system-x86
11:45:06 PM     0   1085057    0.00    0.00    0.00    0.00    0.00     0  qemu-system-x86
11:45:07 PM     0   1085057    0.00    0.00    0.00    0.00    0.00     0  qemu-system-x86
11:45:08 PM     0   1085057    0.00    0.00    0.00    0.00    0.00     0  qemu-system-x86
11:45:09 PM     0   1085057    0.00    0.00    0.00    0.00    0.00     0  qemu-system-x86
11:45:10 PM     0   1085057    0.00    0.00    0.00    0.00    0.00     0  qemu-system-x86
11:45:11 PM     0   1085057    0.00    0.00    0.00    0.00    0.00     0  qemu-system-x86
11:45:12 PM     0   1085057    0.00    0.00    0.00    0.00    0.00     0  qemu-system-x86
11:45:13 PM     0   1085057    0.00    0.00    0.00    0.00    0.00     0  qemu-system-x86
11:45:14 PM     0   1085057    0.00    0.00    0.00    0.00    0.00     0  qemu-system-x86
11:45:15 PM     0   1085057    0.00    0.00    0.00    0.00    0.00     0  qemu-system-x86
11:45:16 PM     0   1085057    0.00    0.00    0.00    0.00    0.00     0  qemu-system-x86
11:45:17 PM     0   1085057    0.00    0.00    0.00    0.00    0.00     0  qemu-system-x86
11:45:18 PM     0   1085057    0.00    0.00    0.00    0.00    0.00     0  qemu-system-x86
11:45:19 PM     0   1085057    0.00    0.00    0.00    0.00    0.00     0  qemu-system-x86
11:45:20 PM     0   1085057    0.00    0.00    0.00    0.00    0.00     0  qemu-system-x86
11:45:21 PM     0   1085057    0.00    0.00    0.00    0.00    0.00     0  qemu-system-x86
11:45:22 PM     0   1085057    0.00    0.00    0.00    0.00    0.00     0  qemu-system-x86
11:45:23 PM     0   1085057    0.00    0.00    0.00    0.00    0.00     0  qemu-system-x86
11:45:24 PM     0   1085057    0.00    0.00    0.00    0.00    0.00     0  qemu-system-x86
11:45:25 PM     0   1085057    0.00    0.00    0.00    0.00    0.00     0  qemu-system-x86
11:45:26 PM     0   1085057    0.00    0.00    0.00    0.00    0.00     0  qemu-system-x86
11:45:27 PM     0   1085057    0.00    0.00    0.00    0.00    0.00     0  qemu-system-x86
11:45:28 PM     0   1085057    0.00    0.00    0.00    0.00    0.00     0  qemu-system-x86
11:45:29 PM     0   1085057    0.00    0.00    0.00    0.00    0.00     0  qemu-system-x86
11:45:30 PM     0   1085057    0.00    0.00    0.00    0.00    0.00     0  qemu-system-x86
11:45:31 PM     0   1085057    0.00    0.00    0.00    0.00    0.00     0  qemu-system-x86
11:45:32 PM     0   1085057    0.00    0.00    0.00    0.00    0.00     0  qemu-system-x86
11:45:33 PM     0   1085057    0.00    0.00    0.00    0.00    0.00     0  qemu-system-x86
11:45:34 PM     0   1085057    0.00    0.00    0.00    0.00    0.00     0  qemu-system-x86
11:45:35 PM     0   1085057    0.00    0.00    0.00    0.00    0.00     0  qemu-system-x86
11:45:36 PM     0   1085057    0.00    0.00    0.00    0.00    0.00     0  qemu-system-x86
11:45:37 PM     0   1085057    0.00    0.00    0.00    0.00    0.00     0  qemu-system-x86
11:45:38 PM     0   1085057    0.00    0.00    0.00    0.00    0.00     0  qemu-system-x86
11:45:39 PM     0   1085057    0.00    0.00    0.00    0.00    0.00     0  qemu-system-x86
11:45:40 PM     0   1085057    0.00    0.00    0.00    0.00    0.00     0  qemu-system-x86
11:45:41 PM     0   1085057    0.00    0.00    0.00    0.00    0.00     0  qemu-system-x86
11:45:42 PM     0   1085057    0.00    0.00    0.00    0.00    0.00     0  qemu-system-x86
11:45:43 PM     0   1085057    0.00    0.00    0.00    0.00    0.00     0  qemu-system-x86
11:45:44 PM     0   1085057    0.00    0.00    0.00    0.00    0.00     0  qemu-system-x86
11:45:45 PM     0   1085057    0.00    0.00    0.00    0.00    0.00     0  qemu-system-x86
11:45:46 PM     0   1085057    0.00    0.00    0.00    0.00    0.00     0  qemu-system-x86
11:45:47 PM     0   1085057    0.00    0.00    0.00    0.00    0.00     0  qemu-system-x86
11:45:48 PM     0   1085057    0.00    0.00    0.00    0.00    0.00     0  qemu-system-x86
11:45:49 PM     0   1085057    0.00    0.00    0.00    0.00    0.00     0  qemu-system-x86
11:45:50 PM     0   1085057    0.00    0.00    0.00    0.00    0.00     0  qemu-system-x86
11:45:51 PM     0   1085057    0.00    0.00    0.00    0.00    0.00     0  qemu-system-x86
11:45:52 PM     0   1085057    0.00    0.00    0.00    0.00    0.00     0  qemu-system-x86
11:45:53 PM     0   1085057    0.00    0.00    0.00    0.00    0.00     0  qemu-system-x86
11:45:54 PM     0   1085057    0.00    0.00    0.00    0.00    0.00     0  qemu-system-x86
11:45:55 PM     0   1085057    0.00    0.00    0.00    0.00    0.00     0  qemu-system-x86
11:45:56 PM     0   1085057    0.00    0.00    0.00    0.00    0.00     0  qemu-system-x86
11:45:57 PM     0   1085057    0.00    0.00    0.00    0.00    0.00     0  qemu-system-x86
11:45:58 PM     0   1085057    0.00    0.00    0.00    0.00    0.00     0  qemu-system-x86
11:45:59 PM     0   1085057    0.00    0.00    0.00    0.00    0.00     0  qemu-system-x86
11:46:00 PM     0   1085057    0.00    0.00    0.00    0.00    0.00     0  qemu-system-x86
11:46:01 PM     0   1085057    0.00    0.00    0.00    0.00    0.00     0  qemu-system-x86
11:46:02 PM     0   1085057    0.00    0.00    0.00    0.00    0.00     0  qemu-system-x86
11:46:03 PM     0   1085057    0.00    0.00    0.00    0.00    0.00     0  qemu-system-x86
11:46:04 PM     0   1085057    0.00    0.00    0.00    0.00    0.00     0  qemu-system-x86
11:46:05 PM     0   1085057    0.00    0.00    0.00    0.00    0.00     0  qemu-system-x86
11:46:06 PM     0   1085057    0.00    0.00    0.00    0.00    0.00     0  qemu-system-x86
11:46:07 PM     0   1085057    0.00    0.00    0.00    0.00    0.00     0  qemu-system-x86
11:46:08 PM     0   1085057    0.00    0.00    0.00    0.00    0.00     0  qemu-system-x86
11:46:09 PM     0   1085057    0.00    0.00    0.00    0.00    0.00     0  qemu-system-x86
11:46:10 PM     0   1085057    0.00    0.00    0.00    0.00    0.00     0  qemu-system-x86
11:46:11 PM     0   1085057    0.00    0.00    0.00    0.00    0.00     0  qemu-system-x86
11:46:12 PM     0   1085057    0.00    0.00    0.00    0.00    0.00     0  qemu-system-x86
11:46:13 PM     0   1085057    0.00    0.00    0.00    0.00    0.00     0  qemu-system-x86
11:46:14 PM     0   1085057    0.00    0.00    0.00    0.00    0.00     0  qemu-system-x86
11:46:15 PM     0   1085057    0.00    0.00    0.00    0.00    0.00     0  qemu-system-x86
11:46:16 PM     0   1085057    0.00    0.00    0.00    0.00    0.00     0  qemu-system-x86
11:46:17 PM     0   1085057    0.00    0.00    0.00    0.00    0.00     0  qemu-system-x86
11:46:18 PM     0   1085057    0.00    0.00    0.00    0.00    0.00     0  qemu-system-x86
11:46:19 PM     0   1085057    0.00    0.00    0.00    0.00    0.00     0  qemu-system-x86
11:46:20 PM     0   1085057    0.00    0.00    0.00    0.00    0.00     0  qemu-system-x86
11:46:21 PM     0   1085057    0.00    0.00    0.00    0.00    0.00     0  qemu-system-x86
11:46:22 PM     0   1085057    0.00    0.00    0.00    0.00    0.00     0  qemu-system-x86
11:46:23 PM     0   1085057    0.00    0.00    0.00    0.00    0.00     0  qemu-system-x86
11:46:24 PM     0   1085057    0.00    0.00    0.00    0.00    0.00     0  qemu-system-x86
11:46:25 PM     0   1085057    0.00    0.00    0.00    0.00    0.00     0  qemu-system-x86
11:46:26 PM     0   1085057    0.00    0.00    0.00    0.00    0.00     0  qemu-system-x86
11:46:27 PM     0   1085057    0.00    0.00    0.00    0.00    0.00     0  qemu-system-x86
11:46:28 PM     0   1085057    0.00    0.00    0.00    0.00    0.00     0  qemu-system-x86
11:46:29 PM     0   1085057    0.00    0.00    0.00    0.00    0.00     0  qemu-system-x86
11:46:30 PM     0   1085057    0.00    0.00    0.00    0.00    0.00     0  qemu-system-x86
11:46:31 PM     0   1085057    0.00    0.00    0.00    0.00    0.00     0  qemu-system-x86
11:46:32 PM     0   1085057    0.00    0.00    0.00    0.00    0.00     0  qemu-system-x86
11:46:33 PM     0   1085057    0.00    0.00    0.00    0.00    0.00     0  qemu-system-x86
11:46:34 PM     0   1085057    0.00    0.00    0.00    0.00    0.00     0  qemu-system-x86
11:46:35 PM     0   1085057    0.00    0.00    0.00    0.00    0.00     0  qemu-system-x86
11:46:36 PM     0   1085057    0.00    0.00    0.00    0.00    0.00     0  qemu-system-x86
11:46:37 PM     0   1085057    0.00    0.00    0.00    0.00    0.00     0  qemu-system-x86
11:46:38 PM     0   1085057    0.00    0.00    0.00    0.00    0.00     0  qemu-system-x86
11:46:39 PM     0   1085057    0.00    0.00    0.00    0.00    0.00     0  qemu-system-x86
11:46:40 PM     0   1085057    0.00    0.00    0.00    0.00    0.00     0  qemu-system-x86
11:46:41 PM     0   1085057    0.00    0.00    0.00    0.00    0.00     0  qemu-system-x86
11:46:42 PM     0   1085057    0.00    0.00    0.00    0.00    0.00     0  qemu-system-x86
11:46:43 PM     0   1085057    0.00    0.00    0.00    0.00    0.00     0  qemu-system-x86
11:46:44 PM     0   1085057    0.00    0.00    0.00    0.00    0.00     0  qemu-system-x86
11:46:45 PM     0   1085057    0.00    0.00    0.00    0.00    0.00     0  qemu-system-x86
11:46:46 PM     0   1085057    0.00    0.00    0.00    0.00    0.00     0  qemu-system-x86
11:46:47 PM     0   1085057    0.00    0.00    0.00    0.00    0.00     0  qemu-system-x86
11:46:48 PM     0   1085057    0.00    0.00    0.00    0.00    0.00     0  qemu-system-x86
11:46:49 PM     0   1085057    0.00    0.00    0.00    0.00    0.00     0  qemu-system-x86
11:46:50 PM     0   1085057    0.00    0.00    0.00    0.00    0.00     0  qemu-system-x86
11:46:51 PM     0   1085057    0.00    0.00    0.00    0.00    0.00     0  qemu-system-x86
11:46:52 PM     0   1085057    0.00    0.00    0.00    0.00    0.00     0  qemu-system-x86
11:46:53 PM     0   1085057    0.00    0.00    0.00    0.00    0.00     0  qemu-system-x86
11:46:54 PM     0   1085057    0.00    0.00    0.00    0.00    0.00     0  qemu-system-x86
11:46:55 PM     0   1085057    0.00    0.00    0.00    0.00    0.00     0  qemu-system-x86
11:46:56 PM     0   1085057    0.00    0.00    0.00    0.00    0.00     0  qemu-system-x86
11:46:57 PM     0   1085057    0.00    0.00    0.00    0.00    0.00     0  qemu-system-x86
11:46:58 PM     0   1085057    0.00    0.00    0.00    0.00    0.00     0  qemu-system-x86
11:46:59 PM     0   1085057    0.00    0.00    0.00    0.00    0.00     0  qemu-system-x86
11:47:00 PM     0   1085057    0.00    0.00    0.00    0.00    0.00     0  qemu-system-x86
11:47:01 PM     0   1085057    0.00    0.00    0.00    0.00    0.00     0  qemu-system-x86
11:47:02 PM     0   1085057    0.00    0.00    0.00    0.00    0.00     0  qemu-system-x86
11:47:03 PM     0   1085057    0.00    0.00    0.00    0.00    0.00     0  qemu-system-x86
11:47:04 PM     0   1085057    0.00    0.00    0.00    0.00    0.00     0  qemu-system-x86
11:47:05 PM     0   1085057    0.00    0.00    0.00    0.00    0.00     0  qemu-system-x86
11:47:06 PM     0   1085057    0.00    0.00    0.00    0.00    0.00     1  qemu-system-x86
11:47:07 PM     0   1085057    0.00    0.00    0.00    0.00    0.00     1  qemu-system-x86
11:47:08 PM     0   1085057    0.00    0.00    0.00    0.00    0.00     1  qemu-system-x86
11:47:09 PM     0   1085057    0.00    0.00    0.00    0.00    0.00     1  qemu-system-x86
11:47:10 PM     0   1085057    0.00    0.00    0.00    0.00    0.00     1  qemu-system-x86
11:47:11 PM     0   1085057    0.00    0.00    0.00    0.00    0.00     1  qemu-system-x86
11:47:12 PM     0   1085057    0.00    0.00    0.00    0.00    0.00     1  qemu-system-x86
11:47:13 PM     0   1085057    0.00    0.00    0.00    0.00    0.00     1  qemu-system-x86
11:47:14 PM     0   1085057    0.00    0.00    0.00    0.00    0.00     1  qemu-system-x86
11:47:15 PM     0   1085057    0.00    0.00    0.00    0.00    0.00     1  qemu-system-x86
11:47:16 PM     0   1085057    0.00    0.00    0.00    0.00    0.00     1  qemu-system-x86
11:47:17 PM     0   1085057    0.00    0.00    0.00    0.00    0.00     1  qemu-system-x86
11:47:18 PM     0   1085057    0.00    0.00    0.00    0.00    0.00     1  qemu-system-x86
11:47:19 PM     0   1085057    0.00    0.00    0.00    0.00    0.00     1  qemu-system-x86
11:47:20 PM     0   1085057    0.00    0.00    0.00    0.00    0.00     1  qemu-system-x86
11:47:21 PM     0   1085057    0.00    0.00    0.00    0.00    0.00     0  qemu-system-x86
11:47:22 PM     0   1085057    0.00    0.00    0.00    0.00    0.00     0  qemu-system-x86
11:47:23 PM     0   1085057    0.00    0.00    0.00    0.00    0.00     0  qemu-system-x86
11:47:24 PM     0   1085057    0.00    0.00    0.00    0.00    0.00     0  qemu-system-x86
11:47:25 PM     0   1085057    0.00    0.00    0.00    0.00    0.00     0  qemu-system-x86
11:47:26 PM     0   1085057    0.00    0.00    0.00    0.00    0.00     0  qemu-system-x86
11:47:27 PM     0   1085057    0.00    0.00    0.00    0.00    0.00     0  qemu-system-x86
11:47:28 PM     0   1085057    0.00    0.00    0.00    0.00    0.00     0  qemu-system-x86
11:47:29 PM     0   1085057    0.00    0.00    0.00    0.00    0.00     0  qemu-system-x86
11:47:30 PM     0   1085057    0.00    0.00    0.00    0.00    0.00     0  qemu-system-x86
11:47:31 PM     0   1085057    0.00    0.00    0.00    0.00    0.00     0  qemu-system-x86
11:47:32 PM     0   1085057    0.00    0.00    0.00    0.00    0.00     0  qemu-system-x86
11:47:33 PM     0   1085057    0.00    0.00    0.00    0.00    0.00     0  qemu-system-x86
11:47:34 PM     0   1085057    0.00    0.00    0.00    0.00    0.00     0  qemu-system-x86
11:47:35 PM     0   1085057    0.00    0.00    0.00    0.00    0.00     0  qemu-system-x86
11:47:36 PM     0   1085057    0.00    0.00    0.00    0.00    0.00     0  qemu-system-x86
11:47:37 PM     0   1085057    0.00    0.00    0.00    0.00    0.00     0  qemu-system-x86
11:47:38 PM     0   1085057    0.00    0.00    0.00    0.00    0.00     0  qemu-system-x86
11:47:39 PM     0   1085057    0.00    0.00    0.00    0.00    0.00     0  qemu-system-x86
11:47:40 PM     0   1085057    0.00    0.00    0.00    0.00    0.00     0  qemu-system-x86
11:47:41 PM     0   1085057    0.00    0.00    0.00    0.00    0.00     0  qemu-system-x86
11:47:42 PM     0   1085057    0.00    0.00    0.00    0.00    0.00     0  qemu-system-x86
11:47:43 PM     0   1085057    0.00    0.00    0.00    0.00    0.00     0  qemu-system-x86
11:47:44 PM     0   1085057    0.00    0.00    0.00    0.00    0.00     0  qemu-system-x86
11:47:45 PM     0   1085057    1.00    0.00    0.00    0.00    1.00     0  qemu-system-x86
11:47:46 PM     0   1085057    0.00    0.00    0.00    0.00    0.00     0  qemu-system-x86
11:47:47 PM     0   1085057    0.00    0.00    0.00    0.00    0.00     0  qemu-system-x86
11:47:48 PM     0   1085057    0.00    0.00    0.00    0.00    0.00     0  qemu-system-x86
11:47:49 PM     0   1085057    0.00    0.00    0.00    0.00    0.00     0  qemu-system-x86
11:47:50 PM     0   1085057    0.00    0.00    0.00    0.00    0.00     0  qemu-system-x86
11:47:51 PM     0   1085057    0.00    0.00    0.00    0.00    0.00     0  qemu-system-x86
11:47:52 PM     0   1085057    0.00    0.00    0.00    0.00    0.00     0  qemu-system-x86
11:47:53 PM     0   1085057    0.00    0.00    0.00    0.00    0.00     0  qemu-system-x86
11:47:54 PM     0   1085057    0.00    0.00    0.00    0.00    0.00     0  qemu-system-x86
11:47:55 PM     0   1085057    0.00    0.00    0.00    0.00    0.00     0  qemu-system-x86
11:47:56 PM     0   1085057    0.00    0.00    0.00    0.00    0.00     0  qemu-system-x86
11:47:57 PM     0   1085057    0.00    0.00    0.00    0.00    0.00     0  qemu-system-x86
11:47:58 PM     0   1085057    0.00    0.00    0.00    0.00    0.00     0  qemu-system-x86
11:47:59 PM     0   1085057    0.00    0.00    0.00    0.00    0.00     0  qemu-system-x86
11:48:00 PM     0   1085057    0.00    0.00    0.00    0.00    0.00     0  qemu-system-x86
11:48:01 PM     0   1085057    0.00    0.00    0.00    0.00    0.00     0  qemu-system-x86
11:48:02 PM     0   1085057    0.00    0.00    0.00    0.00    0.00     0  qemu-system-x86
11:48:03 PM     0   1085057    0.00    0.00    0.00    0.00    0.00     0  qemu-system-x86
11:48:04 PM     0   1085057    0.00    0.00    0.00    0.00    0.00     0  qemu-system-x86
11:48:05 PM     0   1085057    0.00    0.00    0.00    0.00    0.00     0  qemu-system-x86
11:48:06 PM     0   1085057    0.00    0.00    0.00    0.00    0.00     0  qemu-system-x86
11:48:07 PM     0   1085057    0.00    0.00    0.00    0.00    0.00     0  qemu-system-x86
11:48:08 PM     0   1085057    0.00    0.00    0.00    0.00    0.00     0  qemu-system-x86
11:48:09 PM     0   1085057    0.00    0.00    0.00    0.00    0.00     0  qemu-system-x86
11:48:10 PM     0   1085057    0.00    0.00    0.00    0.00    0.00     0  qemu-system-x86
11:48:11 PM     0   1085057    0.00    0.00    0.00    0.00    0.00     0  qemu-system-x86
11:48:12 PM     0   1085057    0.00    0.00    0.00    0.00    0.00     0  qemu-system-x86
11:48:13 PM     0   1085057    0.00    0.00    0.00    0.00    0.00     0  qemu-system-x86
11:48:14 PM     0   1085057    0.00    0.00    0.00    0.00    0.00     0  qemu-system-x86
11:48:15 PM     0   1085057    0.00    0.00    0.00    0.00    0.00     0  qemu-system-x86
11:48:16 PM     0   1085057    0.00    0.00    0.00    0.00    0.00     0  qemu-system-x86
11:48:17 PM     0   1085057    0.00    0.00    0.00    0.00    0.00     0  qemu-system-x86
11:48:18 PM     0   1085057    0.00    0.00    0.00    0.00    0.00     0  qemu-system-x86
11:48:19 PM     0   1085057    0.00    0.00    0.00    0.00    0.00     0  qemu-system-x86
11:48:20 PM     0   1085057    0.00    0.00    0.00    0.00    0.00     0  qemu-system-x86
11:48:21 PM     0   1085057    0.00    0.00    0.00    0.00    0.00     0  qemu-system-x86
11:48:22 PM     0   1085057    0.00    0.00    0.00    0.00    0.00     0  qemu-system-x86
11:48:23 PM     0   1085057    0.00    0.00    0.00    0.00    0.00     0  qemu-system-x86
11:48:24 PM     0   1085057    0.00    0.00    0.00    0.00    0.00     0  qemu-system-x86
11:48:25 PM     0   1085057    0.00    0.00    0.00    0.00    0.00     0  qemu-system-x86
11:48:26 PM     0   1085057    0.00    0.00    0.00    0.00    0.00     0  qemu-system-x86
11:48:27 PM     0   1085057    0.00    0.00    0.00    0.00    0.00     0  qemu-system-x86
11:48:28 PM     0   1085057    0.00    0.00    0.00    0.00    0.00     0  qemu-system-x86
11:48:29 PM     0   1085057    0.00    0.00    0.00    0.00    0.00     0  qemu-system-x86
11:48:30 PM     0   1085057    0.00    0.00    0.00    0.00    0.00     0  qemu-system-x86
11:48:31 PM     0   1085057    0.00    0.00    0.00    0.00    0.00     0  qemu-system-x86
11:48:32 PM     0   1085057    0.00    0.00    0.00    0.00    0.00     0  qemu-system-x86
11:48:33 PM     0   1085057    0.00    0.00    0.00    0.00    0.00     0  qemu-system-x86
11:48:34 PM     0   1085057    0.00    0.00    0.00    0.00    0.00     0  qemu-system-x86
11:48:35 PM     0   1085057    0.00    0.00    0.00    0.00    0.00     0  qemu-system-x86
11:48:36 PM     0   1085057    0.00    0.00    0.00    0.00    0.00     0  qemu-system-x86
11:48:37 PM     0   1085057    0.00    0.00    0.00    0.00    0.00     0  qemu-system-x86
11:48:38 PM     0   1085057    0.00    0.00    0.00    0.00    0.00     0  qemu-system-x86
11:48:39 PM     0   1085057    0.00    0.00    0.00    0.00    0.00     0  qemu-system-x86
11:48:40 PM     0   1085057    0.00    0.00    0.00    0.00    0.00     0  qemu-system-x86
11:48:41 PM     0   1085057    0.00    0.00    0.00    0.00    0.00     0  qemu-system-x86
11:48:42 PM     0   1085057    0.00    0.00    0.00    0.00    0.00     0  qemu-system-x86
11:48:43 PM     0   1085057    0.00    0.00    0.00    0.00    0.00     0  qemu-system-x86
11:48:44 PM     0   1085057    0.00    0.00    0.00    0.00    0.00     0  qemu-system-x86
11:48:45 PM     0   1085057    0.00    0.00    0.00    0.00    0.00     0  qemu-system-x86
11:48:46 PM     0   1085057    0.00    0.00    0.00    0.00    0.00     0  qemu-system-x86
11:48:47 PM     0   1085057    0.00    0.00    0.00    0.00    0.00     0  qemu-system-x86
11:48:48 PM     0   1085057    0.00    0.00    0.00    0.00    0.00     0  qemu-system-x86
11:48:49 PM     0   1085057    0.00    0.00    0.00    0.00    0.00     0  qemu-system-x86
11:48:50 PM     0   1085057    0.00    0.00    0.00    0.00    0.00     0  qemu-system-x86
11:48:51 PM     0   1085057    0.00    0.00    0.00    0.00    0.00     0  qemu-system-x86
11:48:52 PM     0   1085057    0.00    0.00    0.00    0.00    0.00     0  qemu-system-x86
11:48:53 PM     0   1085057    0.00    0.00    0.00    0.00    0.00     0  qemu-system-x86
11:48:54 PM     0   1085057    0.00    0.00    0.00    0.00    0.00     0  qemu-system-x86
11:48:55 PM     0   1085057    0.00    0.00    0.00    0.00    0.00     0  qemu-system-x86
11:48:56 PM     0   1085057    0.00    0.00    0.00    0.00    0.00     0  qemu-system-x86
11:48:57 PM     0   1085057    0.00    0.00    0.00    0.00    0.00     0  qemu-system-x86
11:48:58 PM     0   1085057    0.00    0.00    0.00    0.00    0.00     0  qemu-system-x86
11:48:59 PM     0   1085057    0.00    0.00    0.00    0.00    0.00     0  qemu-system-x86
11:49:00 PM     0   1085057    0.00    0.00    0.00    0.00    0.00     0  qemu-system-x86
11:49:01 PM     0   1085057    0.00    0.00    0.00    0.00    0.00     0  qemu-system-x86
11:49:02 PM     0   1085057    0.00    0.00    0.00    0.00    0.00     0  qemu-system-x86
11:49:03 PM     0   1085057    0.00    0.00    0.00    0.00    0.00     0  qemu-system-x86
11:49:04 PM     0   1085057    0.00    0.00    0.00    0.00    0.00     0  qemu-system-x86
11:49:05 PM     0   1085057    0.00    0.00    0.00    0.00    0.00     0  qemu-system-x86
11:49:06 PM     0   1085057    0.00    0.00    0.00    0.00    0.00     0  qemu-system-x86
11:49:07 PM     0   1085057    0.00    0.00    0.00    0.00    0.00     0  qemu-system-x86
11:49:08 PM     0   1085057    0.00    0.00    0.00    0.00    0.00     0  qemu-system-x86
11:49:09 PM     0   1085057    0.00    0.00    0.00    0.00    0.00     0  qemu-system-x86
11:49:10 PM     0   1085057    0.00    0.00    0.00    0.00    0.00     0  qemu-system-x86
11:49:11 PM     0   1085057    0.00    0.00    0.00    0.00    0.00     0  qemu-system-x86
11:49:12 PM     0   1085057    0.00    0.00    0.00    0.00    0.00     0  qemu-system-x86
11:49:13 PM     0   1085057    0.00    0.00    0.00    0.00    0.00     0  qemu-system-x86
11:49:14 PM     0   1085057    0.00    0.00    0.00    0.00    0.00     0  qemu-system-x86
11:49:15 PM     0   1085057    0.00    0.00    0.00    0.00    0.00     0  qemu-system-x86
11:49:16 PM     0   1085057    0.00    0.00    0.00    0.00    0.00     0  qemu-system-x86
11:49:17 PM     0   1085057    0.00    0.00    0.00    0.00    0.00     0  qemu-system-x86
11:49:18 PM     0   1085057    0.00    0.00    0.00    0.00    0.00     0  qemu-system-x86
11:49:19 PM     0   1085057    0.00    0.00    0.00    0.00    0.00     0  qemu-system-x86
11:49:20 PM     0   1085057    0.00    0.00    0.00    0.00    0.00     0  qemu-system-x86
11:49:21 PM     0   1085057    0.00    0.00    0.00    0.00    0.00     0  qemu-system-x86
11:49:22 PM     0   1085057    0.00    0.00    0.00    0.00    0.00     0  qemu-system-x86
11:49:23 PM     0   1085057    0.00    0.00    0.00    0.00    0.00     0  qemu-system-x86
11:49:24 PM     0   1085057    0.00    0.00    0.00    0.00    0.00     0  qemu-system-x86
11:49:25 PM     0   1085057    0.00    0.00    0.00    0.00    0.00     0  qemu-system-x86
11:49:26 PM     0   1085057    0.00    0.00    0.00    0.00    0.00     0  qemu-system-x86
11:49:27 PM     0   1085057    0.00    0.00    0.00    0.00    0.00     0  qemu-system-x86
11:49:28 PM     0   1085057    0.00    0.00    0.00    0.00    0.00     0  qemu-system-x86
11:49:29 PM     0   1085057    0.00    0.00    0.00    0.00    0.00     0  qemu-system-x86
11:49:30 PM     0   1085057    0.00    0.00    0.00    0.00    0.00     0  qemu-system-x86
11:49:31 PM     0   1085057    0.00    0.00    0.00    0.00    0.00     0  qemu-system-x86
11:49:32 PM     0   1085057    0.00    0.00    0.00    0.00    0.00     0  qemu-system-x86
11:49:33 PM     0   1085057    0.00    0.00    0.00    0.00    0.00     0  qemu-system-x86
11:49:34 PM     0   1085057    0.00    0.00    0.00    0.00    0.00     0  qemu-system-x86
11:49:35 PM     0   1085057    0.00    0.00    0.00    0.00    0.00     0  qemu-system-x86
11:49:36 PM     0   1085057    0.00    0.00    0.00    0.00    0.00     0  qemu-system-x86
11:49:37 PM     0   1085057    0.00    0.00    0.00    0.00    0.00     0  qemu-system-x86
11:49:38 PM     0   1085057    0.00    0.00    0.00    0.00    0.00     0  qemu-system-x86
11:49:39 PM     0   1085057    0.00    0.00    0.00    0.00    0.00     0  qemu-system-x86
11:49:40 PM     0   1085057    0.00    0.00    0.00    0.00    0.00     0  qemu-system-x86
11:49:41 PM     0   1085057    0.00    0.00    0.00    0.00    0.00     0  qemu-system-x86
11:49:42 PM     0   1085057    0.00    0.00    0.00    0.00    0.00     0  qemu-system-x86
11:49:43 PM     0   1085057    0.00    0.00    0.00    0.00    0.00     0  qemu-system-x86
11:49:44 PM     0   1085057    0.00    0.00    0.00    0.00    0.00     0  qemu-system-x86
11:49:45 PM     0   1085057    0.00    0.00    0.00    0.00    0.00     0  qemu-system-x86
11:49:46 PM     0   1085057    0.00    0.00    0.00    0.00    0.00     0  qemu-system-x86
11:49:47 PM     0   1085057    0.00    0.00    0.00    0.00    0.00     0  qemu-system-x86
11:49:48 PM     0   1085057    0.00    0.00    0.00    0.00    0.00     0  qemu-system-x86
11:49:49 PM     0   1085057    0.00    0.00    0.00    0.00    0.00     0  qemu-system-x86
11:49:50 PM     0   1085057    0.00    0.00    0.00    0.00    0.00     0  qemu-system-x86
11:49:51 PM     0   1085057    0.00    0.00    0.00    0.00    0.00     0  qemu-system-x86
11:49:52 PM     0   1085057    0.00    0.00    0.00    0.00    0.00     0  qemu-system-x86
11:49:53 PM     0   1085057    0.00    0.00    0.00    0.00    0.00     0  qemu-system-x86
11:49:54 PM     0   1085057    0.00    0.00    0.00    0.00    0.00     0  qemu-system-x86
11:49:55 PM     0   1085057    0.00    0.00    0.00    0.00    0.00     0  qemu-system-x86
11:49:56 PM     0   1085057    0.00    0.00    0.00    0.00    0.00     0  qemu-system-x86
11:49:57 PM     0   1085057    0.00    0.00    0.00    0.00    0.00     0  qemu-system-x86
11:49:58 PM     0   1085057    0.00    0.00    0.00    0.00    0.00     0  qemu-system-x86
11:49:59 PM     0   1085057    0.00    0.00    0.00    0.00    0.00     0  qemu-system-x86
11:50:00 PM     0   1085057    0.00    0.00    0.00    0.00    0.00     0  qemu-system-x86
11:50:01 PM     0   1085057    0.00    0.00    0.00    0.00    0.00     0  qemu-system-x86
11:50:02 PM     0   1085057    0.00    0.00    0.00    0.00    0.00     0  qemu-system-x86
11:50:03 PM     0   1085057    0.00    0.00    0.00    0.00    0.00     0  qemu-system-x86
11:50:04 PM     0   1085057    0.00    0.00    0.00    0.00    0.00     0  qemu-system-x86
11:50:05 PM     0   1085057    0.00    0.00    0.00    0.00    0.00     0  qemu-system-x86
11:50:06 PM     0   1085057    0.00    0.00    0.00    0.00    0.00     0  qemu-system-x86
11:50:07 PM     0   1085057    0.00    0.00    0.00    0.00    0.00     0  qemu-system-x86
11:50:08 PM     0   1085057    0.00    0.00    0.00    0.00    0.00     0  qemu-system-x86
11:50:09 PM     0   1085057    0.00    0.00    0.00    0.00    0.00     0  qemu-system-x86
11:50:10 PM     0   1085057    0.00    0.00    0.00    0.00    0.00     0  qemu-system-x86
11:50:11 PM     0   1085057    0.00    0.00    0.00    0.00    0.00     0  qemu-system-x86
11:50:12 PM     0   1085057    0.00    0.00    0.00    0.00    0.00     0  qemu-system-x86
11:50:13 PM     0   1085057    0.00    0.00    0.00    0.00    0.00     0  qemu-system-x86
11:50:14 PM     0   1085057    0.00    0.00    0.00    0.00    0.00     0  qemu-system-x86
11:50:15 PM     0   1085057    0.00    0.00    0.00    0.00    0.00     0  qemu-system-x86
11:50:16 PM     0   1085057    0.00    0.00    0.00    0.00    0.00     0  qemu-system-x86
11:50:17 PM     0   1085057    0.00    0.00    0.00    0.00    0.00     0  qemu-system-x86
11:50:18 PM     0   1085057    0.00    0.00    0.00    0.00    0.00     0  qemu-system-x86
11:50:19 PM     0   1085057    0.00    0.00    0.00    0.00    0.00     0  qemu-system-x86
11:50:20 PM     0   1085057    0.00    0.00    0.00    0.00    0.00     0  qemu-system-x86
11:50:21 PM     0   1085057    0.00    0.00    0.00    0.00    0.00     0  qemu-system-x86
11:50:22 PM     0   1085057    0.00    0.00    0.00    0.00    0.00     0  qemu-system-x86
11:50:23 PM     0   1085057    0.00    0.00    0.00    0.00    0.00     0  qemu-system-x86
11:50:24 PM     0   1085057    0.00    0.00    0.00    0.00    0.00     0  qemu-system-x86
11:50:25 PM     0   1085057    0.00    0.00    0.00    0.00    0.00     0  qemu-system-x86
11:50:26 PM     0   1085057    0.00    0.00    0.00    0.00    0.00     0  qemu-system-x86
11:50:27 PM     0   1085057    0.00    0.00    0.00    0.00    0.00     0  qemu-system-x86
11:50:28 PM     0   1085057    0.00    0.00    0.00    0.00    0.00     0  qemu-system-x86
11:50:29 PM     0   1085057    0.00    0.00    0.00    0.00    0.00     0  qemu-system-x86
11:50:30 PM     0   1085057    0.00    0.00    0.00    0.00    0.00     0  qemu-system-x86
11:50:31 PM     0   1085057    0.00    0.00    0.00    0.00    0.00     0  qemu-system-x86
11:50:32 PM     0   1085057    0.00    0.00    0.00    0.00    0.00     0  qemu-system-x86
11:50:33 PM     0   1085057    0.00    0.00    0.00    0.00    0.00     0  qemu-system-x86
11:50:34 PM     0   1085057    0.00    0.00    0.00    0.00    0.00     0  qemu-system-x86
11:50:35 PM     0   1085057    0.00    0.00    0.00    0.00    0.00     0  qemu-system-x86
11:50:36 PM     0   1085057    0.00    0.00    0.00    0.00    0.00     0  qemu-system-x86
11:50:37 PM     0   1085057    0.00    0.00    0.00    0.00    0.00     0  qemu-system-x86
11:50:38 PM     0   1085057    0.00    0.00    0.00    0.00    0.00     0  qemu-system-x86
11:50:39 PM     0   1085057    0.00    0.00    0.00    0.00    0.00     0  qemu-system-x86
11:50:40 PM     0   1085057    0.00    0.00    0.00    0.00    0.00     0  qemu-system-x86
11:50:41 PM     0   1085057    0.00    0.00    0.00    0.00    0.00     0  qemu-system-x86
11:50:42 PM     0   1085057    0.00    0.00    0.00    0.00    0.00     0  qemu-system-x86
11:50:43 PM     0   1085057    0.00    0.00    0.00    0.00    0.00     0  qemu-system-x86
11:50:44 PM     0   1085057    0.00    0.00    0.00    0.00    0.00     0  qemu-system-x86
11:50:45 PM     0   1085057    0.00    0.00    0.00    0.00    0.00     0  qemu-system-x86
11:50:46 PM     0   1085057    0.00    0.00    0.00    0.00    0.00     0  qemu-system-x86
11:50:47 PM     0   1085057    0.00    0.00    0.00    0.00    0.00     0  qemu-system-x86
11:50:48 PM     0   1085057    0.00    0.00    0.00    0.00    0.00     0  qemu-system-x86
11:50:49 PM     0   1085057    0.00    0.00    0.00    0.00    0.00     0  qemu-system-x86
11:50:50 PM     0   1085057    0.00    0.00    0.00    0.00    0.00     0  qemu-system-x86
11:50:51 PM     0   1085057    0.00    0.00    0.00    0.00    0.00     2  qemu-system-x86
11:50:52 PM     0   1085057    0.00    0.00    0.00    0.00    0.00     2  qemu-system-x86
11:50:53 PM     0   1085057    0.00    0.00    0.00    0.00    0.00     2  qemu-system-x86
11:50:54 PM     0   1085057    0.00    0.00    0.00    0.00    0.00     2  qemu-system-x86
11:50:55 PM     0   1085057    0.00    0.00    0.00    0.00    0.00     2  qemu-system-x86
11:50:56 PM     0   1085057    0.00    0.00    0.00    0.00    0.00     2  qemu-system-x86
11:50:57 PM     0   1085057    0.00    0.00    0.00    0.00    0.00     2  qemu-system-x86
11:50:58 PM     0   1085057    0.00    0.00    0.00    0.00    0.00     2  qemu-system-x86
11:50:59 PM     0   1085057    0.00    0.00    0.00    0.00    0.00     2  qemu-system-x86
11:51:00 PM     0   1085057    0.00    0.00    0.00    0.00    0.00     2  qemu-system-x86
11:51:01 PM     0   1085057    0.00    0.00    0.00    0.00    0.00     2  qemu-system-x86
11:51:02 PM     0   1085057    0.00    0.00    0.00    0.00    0.00     2  qemu-system-x86
11:51:03 PM     0   1085057    0.00    0.00    0.00    0.00    0.00     2  qemu-system-x86
11:51:04 PM     0   1085057    0.00    0.00    0.00    0.00    0.00     2  qemu-system-x86
11:51:05 PM     0   1085057    0.00    0.00    0.00    0.00    0.00     2  qemu-system-x86
11:51:06 PM     0   1085057    0.00    0.00    0.00    0.00    0.00     2  qemu-system-x86
11:51:07 PM     0   1085057    0.00    0.00    0.00    0.00    0.00     2  qemu-system-x86
11:51:08 PM     0   1085057    0.00    0.00    0.00    0.00    0.00     2  qemu-system-x86
11:51:09 PM     0   1085057    0.00    0.00    0.00    0.00    0.00     2  qemu-system-x86
11:51:10 PM     0   1085057    0.00    0.00    0.00    0.00    0.00     2  qemu-system-x86
11:51:11 PM     0   1085057    0.00    0.00    0.00    0.00    0.00     2  qemu-system-x86
11:51:12 PM     0   1085057    0.00    0.00    0.00    0.00    0.00     2  qemu-system-x86
11:51:13 PM     0   1085057    0.00    0.00    0.00    0.00    0.00     2  qemu-system-x86
11:51:14 PM     0   1085057    0.00    0.00    0.00    0.00    0.00     2  qemu-system-x86
11:51:15 PM     0   1085057    0.00    0.00    0.00    0.00    0.00     2  qemu-system-x86
11:51:16 PM     0   1085057    0.00    0.00    0.00    0.00    0.00     2  qemu-system-x86
11:51:17 PM     0   1085057    0.00    0.00    0.00    0.00    0.00     2  qemu-system-x86
11:51:18 PM     0   1085057    0.00    0.00    0.00    0.00    0.00     2  qemu-system-x86
11:51:19 PM     0   1085057    0.00    0.00    0.00    0.00    0.00     2  qemu-system-x86
11:51:20 PM     0   1085057    0.00    0.00    0.00    0.00    0.00     2  qemu-system-x86
11:51:21 PM     0   1085057    0.00    0.00    0.00    0.00    0.00     2  qemu-system-x86
11:51:22 PM     0   1085057    0.00    0.00    0.00    0.00    0.00     2  qemu-system-x86
11:51:23 PM     0   1085057    0.00    0.00    0.00    0.00    0.00     2  qemu-system-x86
11:51:24 PM     0   1085057    0.00    0.00    0.00    0.00    0.00     2  qemu-system-x86
11:51:25 PM     0   1085057    0.00    0.00    0.00    0.00    0.00     2  qemu-system-x86
11:51:26 PM     0   1085057    0.00    0.00    0.00    0.00    0.00     2  qemu-system-x86
11:51:27 PM     0   1085057    0.00    0.00    0.00    0.00    0.00     2  qemu-system-x86
11:51:28 PM     0   1085057    0.00    0.00    0.00    0.00    0.00     2  qemu-system-x86
11:51:29 PM     0   1085057    0.00    0.00    0.00    0.00    0.00     2  qemu-system-x86
11:51:30 PM     0   1085057    0.00    0.00    0.00    0.00    0.00     2  qemu-system-x86
11:51:31 PM     0   1085057    0.00    0.00    0.00    0.00    0.00     2  qemu-system-x86
11:51:32 PM     0   1085057    0.00    0.00    0.00    0.00    0.00     2  qemu-system-x86
11:51:33 PM     0   1085057    0.00    0.00    0.00    0.00    0.00     2  qemu-system-x86
11:51:34 PM     0   1085057    0.00    0.00    0.00    0.00    0.00     2  qemu-system-x86
11:51:35 PM     0   1085057    0.00    0.00    0.00    0.00    0.00     2  qemu-system-x86
11:51:36 PM     0   1085057    0.00    0.00    0.00    0.00    0.00     2  qemu-system-x86
11:51:37 PM     0   1085057    0.00    0.00    0.00    0.00    0.00     2  qemu-system-x86
11:51:38 PM     0   1085057    0.00    0.00    0.00    0.00    0.00     2  qemu-system-x86
11:51:39 PM     0   1085057    0.00    0.00    0.00    0.00    0.00     2  qemu-system-x86
11:51:40 PM     0   1085057    0.00    0.00    0.00    0.00    0.00     2  qemu-system-x86
11:51:41 PM     0   1085057    0.00    0.00    0.00    0.00    0.00     2  qemu-system-x86
11:51:42 PM     0   1085057    0.00    0.00    0.00    0.00    0.00     2  qemu-system-x86
11:51:43 PM     0   1085057    0.00    0.00    0.00    0.00    0.00     2  qemu-system-x86
11:51:44 PM     0   1085057    0.00    0.00    0.00    0.00    0.00     2  qemu-system-x86
11:51:45 PM     0   1085057    0.00    0.00    0.00    0.00    0.00     2  qemu-system-x86
11:51:46 PM     0   1085057    0.00    0.00    0.00    0.00    0.00     2  qemu-system-x86
11:51:47 PM     0   1085057    0.00    0.00    0.00    0.00    0.00     2  qemu-system-x86
11:51:48 PM     0   1085057    0.00    0.00    0.00    0.00    0.00     2  qemu-system-x86
11:51:49 PM     0   1085057    0.00    0.00    0.00    0.00    0.00     2  qemu-system-x86
11:51:50 PM     0   1085057    0.00    0.00    0.00    0.00    0.00     2  qemu-system-x86
11:51:51 PM     0   1085057    0.00    0.00    0.00    0.00    0.00     2  qemu-system-x86
11:51:52 PM     0   1085057    0.00    0.00    0.00    0.00    0.00     2  qemu-system-x86
11:51:53 PM     0   1085057    0.00    0.00    0.00    0.00    0.00     2  qemu-system-x86
11:51:54 PM     0   1085057    0.00    0.00    0.00    0.00    0.00     2  qemu-system-x86
11:51:55 PM     0   1085057    0.00    0.00    0.00    0.00    0.00     2  qemu-system-x86
11:51:56 PM     0   1085057    0.00    0.00    0.00    0.00    0.00     2  qemu-system-x86
11:51:57 PM     0   1085057    0.00    0.00    0.00    0.00    0.00     2  qemu-system-x86
11:51:58 PM     0   1085057    0.00    0.00    0.00    0.00    0.00     2  qemu-system-x86
11:51:59 PM     0   1085057    0.00    0.00    0.00    0.00    0.00     2  qemu-system-x86
11:52:00 PM     0   1085057    0.00    0.00    0.00    0.00    0.00     2  qemu-system-x86
11:52:01 PM     0   1085057    0.00    0.00    0.00    0.00    0.00     2  qemu-system-x86
11:52:02 PM     0   1085057    0.00    0.00    0.00    0.00    0.00     2  qemu-system-x86
11:52:03 PM     0   1085057    0.00    0.00    0.00    0.00    0.00     2  qemu-system-x86
11:52:04 PM     0   1085057    0.00    0.00    0.00    0.00    0.00     2  qemu-system-x86
11:52:05 PM     0   1085057    0.00    0.00    0.00    0.00    0.00     2  qemu-system-x86
11:52:06 PM     0   1085057    0.00    0.00    0.00    0.00    0.00     2  qemu-system-x86
11:52:07 PM     0   1085057    0.00    0.00    0.00    0.00    0.00     2  qemu-system-x86
11:52:08 PM     0   1085057    0.00    0.00    0.00    0.00    0.00     2  qemu-system-x86
11:52:09 PM     0   1085057    0.00    0.00    0.00    0.00    0.00     2  qemu-system-x86
11:52:10 PM     0   1085057    0.00    0.00    0.00    0.00    0.00     2  qemu-system-x86
11:52:11 PM     0   1085057    0.00    0.00    0.00    0.00    0.00     2  qemu-system-x86
11:52:12 PM     0   1085057    0.00    0.00    0.00    0.00    0.00     2  qemu-system-x86
11:52:13 PM     0   1085057    0.00    0.00    0.00    0.00    0.00     2  qemu-system-x86
11:52:14 PM     0   1085057    0.00    0.00    0.00    0.00    0.00     2  qemu-system-x86
11:52:15 PM     0   1085057    0.00    0.00    0.00    0.00    0.00     2  qemu-system-x86
11:52:16 PM     0   1085057    0.00    0.00    0.00    0.00    0.00     2  qemu-system-x86
11:52:17 PM     0   1085057    0.00    0.00    0.00    0.00    0.00     2  qemu-system-x86
11:52:18 PM     0   1085057    0.00    0.00    0.00    0.00    0.00     2  qemu-system-x86
11:52:19 PM     0   1085057    0.00    0.00    0.00    0.00    0.00     2  qemu-system-x86
11:52:20 PM     0   1085057    0.00    0.00    0.00    0.00    0.00     2  qemu-system-x86
11:52:21 PM     0   1085057    0.00    0.00    0.00    0.00    0.00     2  qemu-system-x86
11:52:22 PM     0   1085057    0.00    0.00    0.00    0.00    0.00     2  qemu-system-x86
11:52:23 PM     0   1085057    0.00    0.00    0.00    0.00    0.00     2  qemu-system-x86
11:52:24 PM     0   1085057    0.00    0.00    0.00    0.00    0.00     2  qemu-system-x86
11:52:25 PM     0   1085057    0.00    0.00    0.00    0.00    0.00     2  qemu-system-x86
11:52:26 PM     0   1085057    0.00    0.00    0.00    0.00    0.00     2  qemu-system-x86
11:52:27 PM     0   1085057    0.00    0.00    0.00    0.00    0.00     2  qemu-system-x86
11:52:28 PM     0   1085057    0.00    0.00    0.00    0.00    0.00     2  qemu-system-x86
11:52:29 PM     0   1085057    0.00    0.00    0.00    0.00    0.00     2  qemu-system-x86
11:52:30 PM     0   1085057    0.00    0.00    0.00    0.00    0.00     2  qemu-system-x86
11:52:31 PM     0   1085057    0.00    0.00    0.00    0.00    0.00     0  qemu-system-x86
11:52:32 PM     0   1085057    0.00    0.00    0.00    0.00    0.00     0  qemu-system-x86
11:52:33 PM     0   1085057    0.00    0.00    0.00    0.00    0.00     0  qemu-system-x86
11:52:34 PM     0   1085057    0.00    0.00    0.00    0.00    0.00     0  qemu-system-x86
11:52:35 PM     0   1085057    0.00    0.00    0.00    0.00    0.00     0  qemu-system-x86
11:52:36 PM     0   1085057    0.00    0.00    0.00    0.00    0.00     0  qemu-system-x86
11:52:37 PM     0   1085057    0.00    0.00    0.00    0.00    0.00     0  qemu-system-x86
11:52:38 PM     0   1085057    0.00    0.00    0.00    0.00    0.00     0  qemu-system-x86
11:52:39 PM     0   1085057    0.00    0.00    0.00    0.00    0.00     0  qemu-system-x86
11:52:40 PM     0   1085057    0.00    0.00    0.00    0.00    0.00     0  qemu-system-x86
11:52:41 PM     0   1085057    0.00    0.00    0.00    0.00    0.00     0  qemu-system-x86
11:52:42 PM     0   1085057    0.00    0.00    0.00    0.00    0.00     0  qemu-system-x86
11:52:43 PM     0   1085057    0.00    0.00    0.00    0.00    0.00     0  qemu-system-x86
11:52:44 PM     0   1085057    0.00    0.00    0.00    0.00    0.00     0  qemu-system-x86
11:52:45 PM     0   1085057    0.00    0.00    0.00    0.00    0.00     0  qemu-system-x86
11:52:46 PM     0   1085057    0.00    0.00    0.00    0.00    0.00     0  qemu-system-x86
11:52:47 PM     0   1085057    0.00    0.00    0.00    0.00    0.00     0  qemu-system-x86
11:52:48 PM     0   1085057    0.00    0.00    0.00    0.00    0.00     0  qemu-system-x86
11:52:49 PM     0   1085057    0.00    0.00    0.00    0.00    0.00     0  qemu-system-x86
11:52:50 PM     0   1085057    0.00    0.00    0.00    0.00    0.00     0  qemu-system-x86
11:52:51 PM     0   1085057    0.00    0.00    0.00    0.00    0.00     0  qemu-system-x86
11:52:52 PM     0   1085057    0.00    0.00    0.00    0.00    0.00     0  qemu-system-x86
11:52:53 PM     0   1085057    0.00    0.00    0.00    0.00    0.00     0  qemu-system-x86
11:52:54 PM     0   1085057    0.00    0.00    0.00    0.00    0.00     0  qemu-system-x86
11:52:55 PM     0   1085057    0.00    0.00    0.00    0.00    0.00     2  qemu-system-x86
11:52:56 PM     0   1085057    0.00    0.00    0.00    0.00    0.00     2  qemu-system-x86
11:52:57 PM     0   1085057    0.00    0.00    0.00    0.00    0.00     2  qemu-system-x86
11:52:58 PM     0   1085057    0.00    0.00    0.00    0.00    0.00     2  qemu-system-x86
11:52:59 PM     0   1085057    0.00    0.00    0.00    0.00    0.00     2  qemu-system-x86
11:53:00 PM     0   1085057    0.00    0.00    0.00    0.00    0.00     2  qemu-system-x86
11:53:01 PM     0   1085057    0.00    0.00    0.00    0.00    0.00     2  qemu-system-x86
11:53:02 PM     0   1085057    0.00    0.00    0.00    0.00    0.00     2  qemu-system-x86
11:53:03 PM     0   1085057    0.00    0.00    0.00    0.00    0.00     2  qemu-system-x86
11:53:04 PM     0   1085057    0.00    0.00    0.00    0.00    0.00     2  qemu-system-x86
11:53:05 PM     0   1085057    0.00    0.00    0.00    0.00    0.00     2  qemu-system-x86
11:53:06 PM     0   1085057    0.00    0.00    0.00    0.00    0.00     2  qemu-system-x86
11:53:07 PM     0   1085057    0.99    0.00    0.00    0.00    0.99     2  qemu-system-x86
11:53:08 PM     0   1085057    0.00    0.00    0.00    0.00    0.00     2  qemu-system-x86
11:53:09 PM     0   1085057    0.00    0.00    0.00    0.00    0.00     2  qemu-system-x86
11:53:10 PM     0   1085057    0.00    0.00    0.00    0.00    0.00     2  qemu-system-x86
11:53:11 PM     0   1085057    0.00    0.00    0.00    0.00    0.00     2  qemu-system-x86
11:53:12 PM     0   1085057    0.00    0.00    0.00    0.00    0.00     2  qemu-system-x86
11:53:13 PM     0   1085057    0.00    0.00    0.00    0.00    0.00     2  qemu-system-x86
11:53:14 PM     0   1085057    0.00    0.00    0.00    0.00    0.00     2  qemu-system-x86
11:53:15 PM     0   1085057    0.00    0.00    0.00    0.00    0.00     2  qemu-system-x86
11:53:16 PM     0   1085057    0.00    1.00    0.00    0.00    1.00     2  qemu-system-x86
11:53:17 PM     0   1085057    0.00    0.00    0.00    0.00    0.00     2  qemu-system-x86
11:53:18 PM     0   1085057    0.00    0.00    0.00    0.00    0.00     2  qemu-system-x86
11:53:19 PM     0   1085057    0.00    0.00    0.00    0.00    0.00     2  qemu-system-x86
11:53:20 PM     0   1085057    0.00    0.00    0.00    0.00    0.00     2  qemu-system-x86
11:53:21 PM     0   1085057    0.00    0.00    0.00    0.00    0.00     2  qemu-system-x86
11:53:22 PM     0   1085057    0.00    0.00    0.00    0.00    0.00     2  qemu-system-x86
11:53:23 PM     0   1085057    0.00    0.00    0.00    0.00    0.00     2  qemu-system-x86
11:53:24 PM     0   1085057    0.00    0.00    0.00    0.00    0.00     2  qemu-system-x86
11:53:25 PM     0   1085057    0.00    0.00    0.00    0.00    0.00     2  qemu-system-x86
11:53:26 PM     0   1085057    0.00    0.00    0.00    0.00    0.00     2  qemu-system-x86
11:53:27 PM     0   1085057    0.00    0.00    0.00    0.00    0.00     2  qemu-system-x86
11:53:28 PM     0   1085057    0.00    0.00    0.00    0.00    0.00     3  qemu-system-x86
11:53:29 PM     0   1085057    0.00    0.00    0.00    0.00    0.00     3  qemu-system-x86
11:53:30 PM     0   1085057    0.00    0.00    0.00    0.00    0.00     3  qemu-system-x86
11:53:31 PM     0   1085057    0.00    0.00    0.00    0.00    0.00     3  qemu-system-x86
11:53:32 PM     0   1085057    0.00    0.00    0.00    0.00    0.00     3  qemu-system-x86
11:53:33 PM     0   1085057    0.00    0.00    0.00    0.00    0.00     3  qemu-system-x86
11:53:34 PM     0   1085057    0.00    0.00    0.00    0.00    0.00     3  qemu-system-x86
11:53:35 PM     0   1085057    0.00    0.00    0.00    0.00    0.00     3  qemu-system-x86
11:53:36 PM     0   1085057    0.00    0.00    0.00    0.00    0.00     3  qemu-system-x86
11:53:37 PM     0   1085057    0.00    0.00    0.00    0.00    0.00     3  qemu-system-x86
11:53:38 PM     0   1085057    0.00    0.00    0.00    0.00    0.00     3  qemu-system-x86
11:53:39 PM     0   1085057    0.00    0.00    0.00    0.00    0.00     3  qemu-system-x86
11:53:40 PM     0   1085057    0.00    0.00    0.00    0.00    0.00     3  qemu-system-x86
11:53:41 PM     0   1085057    0.00    0.00    0.00    0.00    0.00     3  qemu-system-x86
11:53:42 PM     0   1085057    0.00    0.00    0.00    0.00    0.00     3  qemu-system-x86
11:53:43 PM     0   1085057    0.00    0.00    0.00    0.00    0.00     3  qemu-system-x86
11:53:44 PM     0   1085057    0.00    0.00    0.00    0.00    0.00     3  qemu-system-x86
11:53:45 PM     0   1085057    0.00    0.00    0.00    0.00    0.00     3  qemu-system-x86
11:53:46 PM     0   1085057    0.00    0.00    0.00    0.00    0.00     3  qemu-system-x86
11:53:47 PM     0   1085057    0.00    0.00    0.00    0.00    0.00     3  qemu-system-x86
11:53:48 PM     0   1085057    0.00    0.00    0.00    0.00    0.00     3  qemu-system-x86
11:53:49 PM     0   1085057    0.00    0.00    0.00    0.00    0.00     3  qemu-system-x86
11:53:50 PM     0   1085057    0.00    0.00    0.00    0.00    0.00     3  qemu-system-x86
11:53:51 PM     0   1085057    0.00    0.00    0.00    0.00    0.00     3  qemu-system-x86
11:53:52 PM     0   1085057    0.00    0.00    0.00    0.00    0.00     3  qemu-system-x86
11:53:53 PM     0   1085057    0.00    0.00    0.00    0.00    0.00     3  qemu-system-x86
11:53:54 PM     0   1085057    0.00    0.00    0.00    0.00    0.00     3  qemu-system-x86
11:53:55 PM     0   1085057    0.00    0.00    0.00    0.00    0.00     3  qemu-system-x86
11:53:56 PM     0   1085057    0.00    0.00    0.00    0.00    0.00     3  qemu-system-x86
11:53:57 PM     0   1085057    0.00    0.00    0.00    0.00    0.00     3  qemu-system-x86
11:53:58 PM     0   1085057    0.00    0.00    0.00    0.00    0.00     3  qemu-system-x86
11:53:59 PM     0   1085057    0.00    0.00    0.00    0.00    0.00     3  qemu-system-x86
11:54:00 PM     0   1085057    0.00    0.00    0.00    0.00    0.00     3  qemu-system-x86
11:54:01 PM     0   1085057    0.00    0.00    0.00    0.00    0.00     3  qemu-system-x86
11:54:02 PM     0   1085057    0.00    0.00    0.00    0.00    0.00     3  qemu-system-x86
11:54:03 PM     0   1085057    0.00    0.00    0.00    0.00    0.00     3  qemu-system-x86
11:54:04 PM     0   1085057    0.00    0.00    0.00    0.00    0.00     3  qemu-system-x86
11:54:05 PM     0   1085057    0.00    0.00    0.00    0.00    0.00     3  qemu-system-x86
11:54:06 PM     0   1085057    0.00    0.00    0.00    0.00    0.00     3  qemu-system-x86
11:54:07 PM     0   1085057    0.00    0.00    0.00    0.00    0.00     3  qemu-system-x86
11:54:08 PM     0   1085057    0.00    0.00    0.00    0.00    0.00     3  qemu-system-x86
11:54:09 PM     0   1085057    0.00    0.00    0.00    0.00    0.00     3  qemu-system-x86
11:54:10 PM     0   1085057    0.00    0.00    0.00    0.00    0.00     3  qemu-system-x86
11:54:11 PM     0   1085057    0.00    0.00    0.00    0.00    0.00     3  qemu-system-x86
11:54:12 PM     0   1085057    0.00    0.00    0.00    0.00    0.00     3  qemu-system-x86
11:54:13 PM     0   1085057    0.00    0.00    0.00    0.00    0.00     3  qemu-system-x86
11:54:14 PM     0   1085057    0.00    0.00    0.00    0.00    0.00     3  qemu-system-x86
11:54:15 PM     0   1085057    0.00    0.00    0.00    0.00    0.00     3  qemu-system-x86
11:54:16 PM     0   1085057    0.00    0.00    0.00    0.00    0.00     3  qemu-system-x86
11:54:17 PM     0   1085057    0.00    0.00    0.00    0.00    0.00     3  qemu-system-x86
11:54:18 PM     0   1085057    0.00    0.00    0.00    0.00    0.00     3  qemu-system-x86
11:54:19 PM     0   1085057    0.00    0.00    0.00    0.00    0.00     3  qemu-system-x86
11:54:20 PM     0   1085057    0.00    0.00    0.00    0.00    0.00     3  qemu-system-x86
11:54:21 PM     0   1085057    0.00    0.00    0.00    0.00    0.00     3  qemu-system-x86
11:54:22 PM     0   1085057    0.00    0.00    0.00    0.00    0.00     3  qemu-system-x86
11:54:23 PM     0   1085057    0.00    0.00    0.00    0.00    0.00     3  qemu-system-x86
11:54:24 PM     0   1085057    0.00    0.00    0.00    0.00    0.00     3  qemu-system-x86
11:54:25 PM     0   1085057    0.00    0.00    0.00    0.00    0.00     3  qemu-system-x86
11:54:26 PM     0   1085057    0.00    0.00    0.00    0.00    0.00     3  qemu-system-x86
11:54:27 PM     0   1085057    0.00    0.00    0.00    0.00    0.00     3  qemu-system-x86
11:54:28 PM     0   1085057    0.00    0.00    0.00    0.00    0.00     3  qemu-system-x86
11:54:29 PM     0   1085057    0.00    0.00    0.00    0.00    0.00     3  qemu-system-x86
11:54:30 PM     0   1085057    0.00    0.00    0.00    0.00    0.00     3  qemu-system-x86
11:54:31 PM     0   1085057    0.00    0.00    0.00    0.00    0.00     3  qemu-system-x86
11:54:32 PM     0   1085057    0.00    0.00    0.00    0.00    0.00     3  qemu-system-x86
11:54:33 PM     0   1085057    0.00    0.00    0.00    0.00    0.00     3  qemu-system-x86
11:54:34 PM     0   1085057    0.00    0.00    0.00    0.00    0.00     3  qemu-system-x86
11:54:35 PM     0   1085057    0.00    0.00    0.00    0.00    0.00     3  qemu-system-x86
11:54:36 PM     0   1085057    0.00    0.00    0.00    0.00    0.00     3  qemu-system-x86
11:54:37 PM     0   1085057    0.00    0.00    0.00    0.00    0.00     3  qemu-system-x86
11:54:38 PM     0   1085057    0.00    0.00    0.00    0.00    0.00     3  qemu-system-x86
11:54:39 PM     0   1085057    0.00    0.00    0.00    0.00    0.00     3  qemu-system-x86
11:54:40 PM     0   1085057    0.00    0.00    0.00    0.00    0.00     3  qemu-system-x86
11:54:41 PM     0   1085057    0.00    0.00    0.00    0.00    0.00     3  qemu-system-x86
11:54:42 PM     0   1085057    0.00    0.00    0.00    0.00    0.00     3  qemu-system-x86
11:54:43 PM     0   1085057    0.00    0.00    0.00    0.00    0.00     3  qemu-system-x86
11:54:44 PM     0   1085057    0.00    0.00    0.00    0.00    0.00     3  qemu-system-x86
11:54:45 PM     0   1085057    0.00    0.00    0.00    0.00    0.00     3  qemu-system-x86
11:54:46 PM     0   1085057    0.00    0.00    0.00    0.00    0.00     3  qemu-system-x86
11:54:47 PM     0   1085057    0.00    0.00    0.00    0.00    0.00     3  qemu-system-x86
11:54:48 PM     0   1085057    0.00    0.00    0.00    0.00    0.00     3  qemu-system-x86
11:54:49 PM     0   1085057    0.00    0.00    0.00    0.00    0.00     3  qemu-system-x86
11:54:50 PM     0   1085057    0.00    0.00    0.00    0.00    0.00     3  qemu-system-x86
11:54:51 PM     0   1085057    0.00    0.00    0.00    0.00    0.00     3  qemu-system-x86
11:54:52 PM     0   1085057    0.00    0.00    0.00    0.00    0.00     3  qemu-system-x86
11:54:53 PM     0   1085057    0.00    0.00    0.00    0.00    0.00     3  qemu-system-x86
11:54:54 PM     0   1085057    0.00    0.00    0.00    0.00    0.00     3  qemu-system-x86
11:54:55 PM     0   1085057    0.00    0.00    0.00    0.00    0.00     3  qemu-system-x86
11:54:56 PM     0   1085057    0.00    0.00    0.00    0.00    0.00     3  qemu-system-x86
11:54:57 PM     0   1085057    0.00    0.00    0.00    0.00    0.00     3  qemu-system-x86
11:54:58 PM     0   1085057    0.00    0.00    0.00    0.00    0.00     3  qemu-system-x86
11:54:59 PM     0   1085057    0.00    0.00    0.00    0.00    0.00     3  qemu-system-x86
11:55:00 PM     0   1085057    0.00    0.00    0.00    0.00    0.00     3  qemu-system-x86
11:55:01 PM     0   1085057    0.00    0.00    0.00    0.00    0.00     3  qemu-system-x86
11:55:02 PM     0   1085057    0.00    0.00    0.00    0.00    0.00     3  qemu-system-x86
11:55:03 PM     0   1085057    0.00    0.00    0.00    0.00    0.00     3  qemu-system-x86
11:55:04 PM     0   1085057    0.00    0.00    0.00    0.00    0.00     3  qemu-system-x86
11:55:05 PM     0   1085057    0.00    0.00    0.00    0.00    0.00     3  qemu-system-x86
11:55:06 PM     0   1085057    0.00    0.00    0.00    0.00    0.00     3  qemu-system-x86
11:55:07 PM     0   1085057    0.00    0.00    0.00    0.00    0.00     3  qemu-system-x86
11:55:08 PM     0   1085057    0.00    0.00    0.00    0.00    0.00     3  qemu-system-x86
11:55:09 PM     0   1085057    0.00    0.00    0.00    0.00    0.00     3  qemu-system-x86
11:55:10 PM     0   1085057    0.00    0.00    0.00    0.00    0.00     3  qemu-system-x86
11:55:11 PM     0   1085057    0.00    0.00    0.00    0.00    0.00     3  qemu-system-x86
11:55:12 PM     0   1085057    0.00    0.00    0.00    0.00    0.00     3  qemu-system-x86
11:55:13 PM     0   1085057    0.00    0.00    0.00    0.00    0.00     3  qemu-system-x86
11:55:14 PM     0   1085057    0.00    0.00    0.00    0.00    0.00     3  qemu-system-x86
11:55:15 PM     0   1085057    0.00    0.00    0.00    0.00    0.00     3  qemu-system-x86
11:55:16 PM     0   1085057    0.00    0.00    0.00    0.00    0.00     3  qemu-system-x86
11:55:17 PM     0   1085057    0.00    0.00    0.00    0.00    0.00     3  qemu-system-x86
11:55:18 PM     0   1085057    0.00    0.00    0.00    0.00    0.00     3  qemu-system-x86
11:55:19 PM     0   1085057    0.00    0.00    0.00    0.00    0.00     3  qemu-system-x86
11:55:20 PM     0   1085057    0.00    0.00    0.00    0.00    0.00     3  qemu-system-x86
11:55:21 PM     0   1085057    0.00    0.00    0.00    0.00    0.00     3  qemu-system-x86
11:55:22 PM     0   1085057    0.00    0.00    0.00    0.00    0.00     3  qemu-system-x86
11:55:23 PM     0   1085057    0.00    0.00    0.00    0.00    0.00     3  qemu-system-x86
11:55:24 PM     0   1085057    0.00    0.00    0.00    0.00    0.00     3  qemu-system-x86
11:55:25 PM     0   1085057    0.00    0.00    0.00    0.00    0.00     3  qemu-system-x86
11:55:26 PM     0   1085057    0.00    0.00    0.00    0.00    0.00     3  qemu-system-x86
11:55:27 PM     0   1085057    0.00    0.00    0.00    0.00    0.00     3  qemu-system-x86
11:55:28 PM     0   1085057    0.00    0.00    0.00    0.00    0.00     3  qemu-system-x86
11:55:29 PM     0   1085057    0.00    0.00    0.00    0.00    0.00     3  qemu-system-x86
11:55:30 PM     0   1085057    0.00    0.00    0.00    0.00    0.00     3  qemu-system-x86
11:55:31 PM     0   1085057    0.00    0.00    0.00    0.00    0.00     3  qemu-system-x86
11:55:32 PM     0   1085057    0.00    0.00    0.00    0.00    0.00     3  qemu-system-x86
11:55:33 PM     0   1085057    0.00    0.00    0.00    0.00    0.00     3  qemu-system-x86
11:55:34 PM     0   1085057    0.00    0.00    0.00    0.00    0.00     3  qemu-system-x86
11:55:35 PM     0   1085057    0.00    0.00    0.00    0.00    0.00     3  qemu-system-x86
11:55:36 PM     0   1085057    0.00    0.00    0.00    0.00    0.00     3  qemu-system-x86
11:55:37 PM     0   1085057    0.00    0.00    0.00    0.00    0.00     3  qemu-system-x86
11:55:38 PM     0   1085057    0.00    0.00    0.00    0.00    0.00     3  qemu-system-x86
11:55:39 PM     0   1085057    0.00    0.00    0.00    0.00    0.00     3  qemu-system-x86
11:55:40 PM     0   1085057    0.00    0.00    0.00    0.00    0.00     3  qemu-system-x86
11:55:41 PM     0   1085057    0.00    0.00    0.00    0.00    0.00     3  qemu-system-x86
11:55:42 PM     0   1085057    0.00    0.00    0.00    0.00    0.00     3  qemu-system-x86
11:55:43 PM     0   1085057    0.00    0.00    0.00    0.00    0.00     3  qemu-system-x86
11:55:44 PM     0   1085057    0.00    0.00    0.00    0.00    0.00     3  qemu-system-x86
11:55:45 PM     0   1085057    0.00    0.00    0.00    0.00    0.00     3  qemu-system-x86
11:55:46 PM     0   1085057    0.00    0.00    0.00    0.00    0.00     3  qemu-system-x86
11:55:47 PM     0   1085057    0.00    0.00    0.00    0.00    0.00     3  qemu-system-x86
11:55:48 PM     0   1085057    0.00    0.00    0.00    0.00    0.00     3  qemu-system-x86
11:55:49 PM     0   1085057    0.00    0.00    0.00    0.00    0.00     3  qemu-system-x86
11:55:50 PM     0   1085057    0.00    0.00    0.00    0.00    0.00     3  qemu-system-x86
11:55:51 PM     0   1085057    0.00    0.00    0.00    0.00    0.00     3  qemu-system-x86
11:55:52 PM     0   1085057    0.00    0.00    0.00    0.00    0.00     3  qemu-system-x86
11:55:53 PM     0   1085057    0.00    0.00    0.00    0.00    0.00     3  qemu-system-x86
11:55:54 PM     0   1085057    0.00    0.00    0.00    0.00    0.00     3  qemu-system-x86
11:55:55 PM     0   1085057    0.00    0.00    0.00    0.00    0.00     3  qemu-system-x86
11:55:56 PM     0   1085057    0.00    0.00    0.00    0.00    0.00     3  qemu-system-x86
11:55:57 PM     0   1085057    0.00    0.00    0.00    0.00    0.00     3  qemu-system-x86
11:55:58 PM     0   1085057    0.00    0.00    0.00    0.00    0.00     3  qemu-system-x86
11:55:59 PM     0   1085057    0.00    0.00    0.00    0.00    0.00     3  qemu-system-x86
11:56:00 PM     0   1085057    0.00    0.00    0.00    0.00    0.00     3  qemu-system-x86
11:56:01 PM     0   1085057    0.00    0.00    0.00    0.00    0.00     3  qemu-system-x86
11:56:02 PM     0   1085057    0.00    0.00    0.00    0.00    0.00     3  qemu-system-x86
11:56:03 PM     0   1085057    0.00    0.00    0.00    0.00    0.00     3  qemu-system-x86
11:56:04 PM     0   1085057    0.00    0.00    0.00    0.00    0.00     2  qemu-system-x86
11:56:05 PM     0   1085057    0.00    0.00    0.00    0.00    0.00     2  qemu-system-x86
11:56:06 PM     0   1085057    0.00    0.00    0.00    0.00    0.00     2  qemu-system-x86
11:56:07 PM     0   1085057    0.00    0.00    0.00    0.00    0.00     0  qemu-system-x86
11:56:08 PM     0   1085057    0.00    0.00    0.00    0.00    0.00     0  qemu-system-x86
11:56:09 PM     0   1085057    0.00    0.00    0.00    0.00    0.00     0  qemu-system-x86
11:56:10 PM     0   1085057    0.00    0.00    0.00    0.00    0.00     0  qemu-system-x86
11:56:11 PM     0   1085057    0.00    0.00    0.00    0.00    0.00     0  qemu-system-x86
11:56:12 PM     0   1085057    0.00    0.00    0.00    0.00    0.00     0  qemu-system-x86
11:56:13 PM     0   1085057    0.00    0.00    0.00    0.00    0.00     0  qemu-system-x86
11:56:14 PM     0   1085057    0.00    0.00    0.00    0.00    0.00     0  qemu-system-x86
11:56:15 PM     0   1085057    0.00    0.00    0.00    0.00    0.00     0  qemu-system-x86
11:56:16 PM     0   1085057    0.00    0.00    0.00    0.00    0.00     0  qemu-system-x86
11:56:17 PM     0   1085057    0.00    0.00    0.00    0.00    0.00     0  qemu-system-x86
11:56:18 PM     0   1085057    0.00    0.00    0.00    0.00    0.00     0  qemu-system-x86
11:56:19 PM     0   1085057    0.00    0.00    0.00    0.00    0.00     0  qemu-system-x86
11:56:20 PM     0   1085057    0.00    0.00    0.00    0.00    0.00     0  qemu-system-x86
11:56:21 PM     0   1085057    0.00    0.00    0.00    0.00    0.00     0  qemu-system-x86
11:56:22 PM     0   1085057    0.00    0.00    0.00    0.00    0.00     0  qemu-system-x86
11:56:23 PM     0   1085057    0.00    0.00    0.00    0.00    0.00     0  qemu-system-x86
11:56:24 PM     0   1085057    0.00    0.00    0.00    0.00    0.00     0  qemu-system-x86
11:56:25 PM     0   1085057    0.00    0.00    0.00    0.00    0.00     0  qemu-system-x86
11:56:26 PM     0   1085057    0.00    0.00    0.00    0.00    0.00     0  qemu-system-x86
11:56:27 PM     0   1085057    0.00    0.00    0.00    0.00    0.00     0  qemu-system-x86
11:56:28 PM     0   1085057    0.00    0.00    0.00    0.00    0.00     0  qemu-system-x86
11:56:29 PM     0   1085057    0.00    0.00    0.00    0.00    0.00     0  qemu-system-x86
11:56:30 PM     0   1085057    0.00    0.00    0.00    0.00    0.00     0  qemu-system-x86
11:56:31 PM     0   1085057    0.00    0.00    0.00    0.00    0.00     0  qemu-system-x86
11:56:32 PM     0   1085057    0.00    0.00    0.00    0.00    0.00     0  qemu-system-x86
11:56:33 PM     0   1085057    0.00    0.00    0.00    0.00    0.00     0  qemu-system-x86
11:56:34 PM     0   1085057    0.00    0.00    0.00    0.00    0.00     0  qemu-system-x86
11:56:35 PM     0   1085057    0.00    0.00    0.00    0.00    0.00     0  qemu-system-x86
11:56:36 PM     0   1085057    0.00    0.00    0.00    0.00    0.00     0  qemu-system-x86
11:56:37 PM     0   1085057    0.00    0.00    0.00    0.00    0.00     0  qemu-system-x86
11:56:38 PM     0   1085057    0.00    0.00    0.00    0.00    0.00     0  qemu-system-x86
11:56:39 PM     0   1085057    0.00    0.00    0.00    0.00    0.00     0  qemu-system-x86
11:56:40 PM     0   1085057    0.00    0.00    0.00    0.00    0.00     0  qemu-system-x86
11:56:41 PM     0   1085057    0.00    0.00    0.00    0.00    0.00     0  qemu-system-x86
11:56:42 PM     0   1085057    0.00    0.00    0.00    0.00    0.00     0  qemu-system-x86
11:56:43 PM     0   1085057    0.00    0.00    0.00    0.00    0.00     0  qemu-system-x86
11:56:44 PM     0   1085057    0.00    0.00    0.00    0.00    0.00     0  qemu-system-x86
11:56:45 PM     0   1085057    0.00    0.00    0.00    0.00    0.00     0  qemu-system-x86
11:56:46 PM     0   1085057    0.00    0.00    0.00    0.00    0.00     0  qemu-system-x86
11:56:47 PM     0   1085057    0.00    0.00    0.00    0.00    0.00     0  qemu-system-x86
11:56:48 PM     0   1085057    0.00    0.00    0.00    0.00    0.00     0  qemu-system-x86
11:56:49 PM     0   1085057    0.00    0.00    0.00    0.00    0.00     0  qemu-system-x86
11:56:50 PM     0   1085057    0.00    0.00    0.00    0.00    0.00     0  qemu-system-x86
11:56:51 PM     0   1085057    0.00    0.00    0.00    0.00    0.00     0  qemu-system-x86
11:56:52 PM     0   1085057    0.00    0.00    0.00    0.00    0.00     0  qemu-system-x86
11:56:53 PM     0   1085057    0.00    0.00    0.00    0.00    0.00     0  qemu-system-x86
11:56:54 PM     0   1085057    0.00    0.00    0.00    0.00    0.00     0  qemu-system-x86
11:56:55 PM     0   1085057    0.00    0.00    0.00    0.00    0.00     0  qemu-system-x86
11:56:56 PM     0   1085057    0.00    0.00    0.00    0.00    0.00     0  qemu-system-x86
11:56:57 PM     0   1085057    0.00    0.00    0.00    0.00    0.00     0  qemu-system-x86
11:56:58 PM     0   1085057    0.00    0.00    0.00    0.00    0.00     0  qemu-system-x86
11:56:59 PM     0   1085057    0.00    0.00    0.00    0.00    0.00     0  qemu-system-x86
11:57:00 PM     0   1085057    0.00    0.00    0.00    0.00    0.00     0  qemu-system-x86
11:57:01 PM     0   1085057    0.00    0.00    0.00    0.00    0.00     0  qemu-system-x86
11:57:02 PM     0   1085057    0.00    0.00    0.00    0.00    0.00     3  qemu-system-x86
